Archive member included to satisfy reference by file (symbol)

.pio/build/bluepill_f103c8_128k/libe13/libArduino-PID-Library.a(PID_v1.cpp.o)
                              .pio/build/bluepill_f103c8_128k/src/main.cpp.o (PID::Compute())
.pio/build/bluepill_f103c8_128k/lib666/libCmdArduino.a(Cmd.cpp.o)
                              .pio/build/bluepill_f103c8_128k/src/main.cpp.o (cmdPoll())
.pio/build/bluepill_f103c8_128k/lib36a/libSPI.a(SPI.cpp.o)
                              .pio/build/bluepill_f103c8_128k/src/main.cpp.o (SPIClass::begin())
.pio/build/bluepill_f103c8_128k/lib36a/libSPI.a(spi_com.c.o)
                              .pio/build/bluepill_f103c8_128k/lib36a/libSPI.a(SPI.cpp.o) (spi_getClkFreq)
.pio/build/bluepill_f103c8_128k/libc2f/libAdafruit_FRAM_SPI.a(Adafruit_FRAM_SPI.cpp.o)
                              .pio/build/bluepill_f103c8_128k/src/main.cpp.o (Adafruit_FRAM_SPI::~Adafruit_FRAM_SPI())
.pio/build/bluepill_f103c8_128k/libab1/libsettings.a(settings.cpp.o)
                              .pio/build/bluepill_f103c8_128k/src/main.cpp.o (readSettingsFromFRAM(Adafruit_FRAM_SPI&))
.pio/build/bluepill_f103c8_128k/lib6db/liblogging.a(logging.cpp.o)
                              .pio/build/bluepill_f103c8_128k/src/main.cpp.o (logData(unsigned long, short, unsigned short, short, unsigned short, unsigned short))
.pio/build/bluepill_f103c8_128k/lib3fa/libIWatchdog.a(IWatchdog.cpp.o)
                              .pio/build/bluepill_f103c8_128k/src/main.cpp.o (IWatchdogClass::begin(unsigned long, unsigned long))
.pio/build/bluepill_f103c8_128k/libFrameworkArduino.a(HardwareSerial.cpp.o)
                              .pio/build/bluepill_f103c8_128k/src/main.cpp.o (Serial1)
.pio/build/bluepill_f103c8_128k/libFrameworkArduino.a(Print.cpp.o)
                              .pio/build/bluepill_f103c8_128k/src/main.cpp.o (Print::print(char const*))
.pio/build/bluepill_f103c8_128k/libFrameworkArduino.a(Stream.cpp.o)
                              .pio/build/bluepill_f103c8_128k/libFrameworkArduino.a(HardwareSerial.cpp.o) (Stream::readBytes(char*, unsigned int))
.pio/build/bluepill_f103c8_128k/libFrameworkArduino.a(WInterrupts.cpp.o)
                              .pio/build/bluepill_f103c8_128k/src/main.cpp.o (detachInterrupt(unsigned long))
.pio/build/bluepill_f103c8_128k/libFrameworkArduino.a(WString.cpp.o)
                              .pio/build/bluepill_f103c8_128k/libFrameworkArduino.a(Stream.cpp.o) (String::String(char const*))
.pio/build/bluepill_f103c8_128k/libFrameworkArduino.a(dtostrf.c.o)
                              .pio/build/bluepill_f103c8_128k/libFrameworkArduino.a(WString.cpp.o) (dtostrf)
.pio/build/bluepill_f103c8_128k/libFrameworkArduino.a(itoa.c.o)
                              .pio/build/bluepill_f103c8_128k/libFrameworkArduino.a(WString.cpp.o) (ltoa)
.pio/build/bluepill_f103c8_128k/libFrameworkArduino.a(main.cpp.o)
                              /Users/jleeman/.platformio/packages/toolchain-gccarmnoneeabi/bin/../lib/gcc/arm-none-eabi/12.3.1/../../../../arm-none-eabi/lib/thumb/v7-m/nofp/crt0.o (main)
.pio/build/bluepill_f103c8_128k/libFrameworkArduino.a(pins_arduino.c.o)
                              .pio/build/bluepill_f103c8_128k/SrcWrapper/src/HardwareTimer.cpp.o (pinNametoDigitalPin)
.pio/build/bluepill_f103c8_128k/libFrameworkArduino.a(wiring_analog.c.o)
                              .pio/build/bluepill_f103c8_128k/src/main.cpp.o (analogReadResolution)
.pio/build/bluepill_f103c8_128k/libFrameworkArduino.a(wiring_digital.c.o)
                              .pio/build/bluepill_f103c8_128k/SrcWrapper/src/HardwareTimer.cpp.o (pinMode)
.pio/build/bluepill_f103c8_128k/libFrameworkArduino.a(wiring_time.c.o)
                              .pio/build/bluepill_f103c8_128k/src/main.cpp.o (millis)
.pio/build/bluepill_f103c8_128k/libFrameworkArduino.a(WSerial.cpp.o)
                              .pio/build/bluepill_f103c8_128k/libFrameworkArduino.a(main.cpp.o) (serialEventRun())
.pio/build/bluepill_f103c8_128k/libFrameworkArduino.a(board.c.o)
                              .pio/build/bluepill_f103c8_128k/libFrameworkArduino.a(main.cpp.o) (init)
.pio/build/bluepill_f103c8_128k/libFrameworkArduino.a(hooks.c.o)
                              .pio/build/bluepill_f103c8_128k/libFrameworkArduino.a(wiring_time.c.o) (yield)
/Users/jleeman/.platformio/packages/toolchain-gccarmnoneeabi/bin/../lib/gcc/arm-none-eabi/12.3.1/thumb/v7-m/nofp/libgcc.a(_arm_muldf3.o)
                              .pio/build/bluepill_f103c8_128k/SrcWrapper/src/HardwareTimer.cpp.o (__aeabi_dmul)
/Users/jleeman/.platformio/packages/toolchain-gccarmnoneeabi/bin/../lib/gcc/arm-none-eabi/12.3.1/thumb/v7-m/nofp/libgcc.a(_arm_mulsf3.o)
                              .pio/build/bluepill_f103c8_128k/src/main.cpp.o (__aeabi_fmul)
/Users/jleeman/.platformio/packages/toolchain-gccarmnoneeabi/bin/../lib/gcc/arm-none-eabi/12.3.1/thumb/v7-m/nofp/libgcc.a(_arm_addsubdf3.o)
[...]
Memory Configuration

Name             Origin             Length             Attributes
*default*        0x00000000         0xffffffff
RAM              0x20000000         0x00005000         xrw
FLASH            0x08000000         0x00020000         xr

Linker script and memory map

                0x20005000                        _estack = (ORIGIN (RAM) + LENGTH (RAM))
                0x00000200                        _Min_Heap_Size = 0x200
                0x00000400                        _Min_Stack_Size = 0x400

.isr_vector     0x08000000      0x10c
                0x08000000                        . = ALIGN (0x4)
 *(.isr_vector)
 .isr_vector    0x08000000      0x10c .pio/build/bluepill_f103c8_128k/FrameworkArduinoVariant/startup_M200_f103xb.S.o
                0x08000000                g_pfnVectors
                0x0800010c                        . = ALIGN (0x4)

.text           0x08000110     0xab60
                0x08000110                        . = ALIGN (0x4)
 *(.text)
 .text          0x08000110      0x378 /Users/jleeman/.platformio/packages/toolchain-gccarmnoneeabi/bin/../lib/gcc/arm-none-eabi/12.3.1/thumb/v7-m/nofp/libgcc.a(_arm_addsubdf3.o)
                0x08000110                __aeabi_drsub
                0x08000118                __subdf3
                0x08000118                __aeabi_dsub
                0x0800011c                __aeabi_dadd
                0x0800011c                __adddf3
                0x08000394                __aeabi_ui2d
                0x08000394                __floatunsidf
                0x080003b4                __floatsidf
                0x080003b4                __aeabi_i2d
                0x080003d8                __extendsfdf2
                0x080003d8                __aeabi_f2d
                0x0800041c                __aeabi_ul2d
                0x0800041c                __floatundidf
                0x0800042c                __aeabi_l2d
                0x0800042c                __floatdidf
 .text          0x08000488      0x424 /Users/jleeman/.platformio/packages/toolchain-gccarmnoneeabi/bin/../lib/gcc/arm-none-eabi/12.3.1/thumb/v7-m/nofp/libgcc.a(_arm_muldivdf3.o)
                0x08000488                __aeabi_dmul
                0x08000488                __muldf3
                0x080006dc                __aeabi_ddiv
                0x080006dc                __divdf3
 .text          0x080008ac      0x110 /Users/jleeman/.platformio/packages/toolchain-gccarmnoneeabi/bin/../lib/gcc/arm-none-eabi/12.3.1/thumb/v7-m/nofp/libgcc.a(_arm_cmpdf2.o)
                0x080008ac                __gedf2
                0x080008ac                __gtdf2
                0x080008b4                __ledf2
                0x080008b4                __ltdf2
                0x080008bc                __cmpdf2
                0x080008bc                __eqdf2
                0x080008bc                __nedf2
                0x08000938                __aeabi_cdrcmple
                0x08000948                __aeabi_cdcmple
                0x08000948                __aeabi_cdcmpeq
                0x08000958                __aeabi_dcmpeq
                0x0800096c                __aeabi_dcmplt
                0x08000980                __aeabi_dcmple
                0x08000994                __aeabi_dcmpge
                0x080009a8                __aeabi_dcmpgt
 .text          0x080009bc       0x2c /Users/jleeman/.platformio/packages/toolchain-gccarmnoneeabi/bin/../lib/gcc/arm-none-eabi/12.3.1/thumb/v7-m/nofp/libgcc.a(_arm_unorddf2.o)
                0x080009bc                __aeabi_dcmpun
                0x080009bc                __unorddf2
 .text          0x080009e8       0x50 /Users/jleeman/.platformio/packages/toolchain-gccarmnoneeabi/bin/../lib/gcc/arm-none-eabi/12.3.1/thumb/v7-m/nofp/libgcc.a(_arm_fixdfsi.o)
                0x080009e8                __fixdfsi
                0x080009e8                __aeabi_d2iz
 .text          0x08000a38       0x40 /Users/jleeman/.platformio/packages/toolchain-gccarmnoneeabi/bin/../lib/gcc/arm-none-eabi/12.3.1/thumb/v7-m/nofp/libgcc.a(_arm_fixunsdfsi.o)
                0x08000a38                __fixunsdfsi
                0x08000a38                __aeabi_d2uiz
 .text          0x08000a78       0xa0 /Users/jleeman/.platformio/packages/toolchain-gccarmnoneeabi/bin/../lib/gcc/arm-none-eabi/12.3.1/thumb/v7-m/nofp/libgcc.a(_arm_truncdfsf2.o)
                0x08000a78                __aeabi_d2f
                0x08000a78                __truncdfsf2
 .text          0x08000b18      0x21c /Users/jleeman/.platformio/packages/toolchain-gccarmnoneeabi/bin/../lib/gcc/arm-none-eabi/12.3.1/thumb/v7-m/nofp/libgcc.a(_arm_addsubsf3.o)
                0x08000b18                __aeabi_frsub
                0x08000b20                __aeabi_fsub
                0x08000b20                __subsf3
                0x08000b24                __aeabi_fadd
                0x08000b24                __addsf3
                0x08000c84                __aeabi_ui2f
                0x08000c84                __floatunsisf
                0x08000c8c                __floatsisf
                0x08000c8c                __aeabi_i2f
                0x08000ca8                __aeabi_ul2f
                0x08000ca8                __floatundisf
                0x08000cb8                __aeabi_l2f
                0x08000cb8                __floatdisf
 .text          0x08000d34      0x2a0 /Users/jleeman/.platformio/packages/toolchain-gccarmnoneeabi/bin/../lib/gcc/arm-none-eabi/12.3.1/thumb/v7-m/nofp/libgcc.a(_arm_muldivsf3.o)
                0x08000d34                __mulsf3
                0x08000d34                __aeabi_fmul
                0x08000e9c                __divsf3
                0x08000e9c                __aeabi_fdiv
 .text          0x08000fd4       0xec /Users/jleeman/.platformio/packages/toolchain-gccarmnoneeabi/bin/../lib/gcc/arm-none-eabi/12.3.1/thumb/v7-m/nofp/libgcc.a(_arm_cmpsf2.o)
                0x08000fd4                __gesf2
                0x08000fd4                __gtsf2
                0x08000fdc                __ltsf2
                0x08000fdc                __lesf2
                0x08000fe4                __nesf2
                0x08000fe4                __eqsf2
                0x08000fe4                __cmpsf2
                0x08001044                __aeabi_cfrcmple
                0x0800104c                __aeabi_cfcmpeq
                0x0800104c                __aeabi_cfcmple
                0x0800105c                __aeabi_fcmpeq
                0x08001070                __aeabi_fcmplt
                0x08001084                __aeabi_fcmple
                0x08001098                __aeabi_fcmpge
                0x080010ac                __aeabi_fcmpgt
 .text          0x080010c0       0x2c /Users/jleeman/.platformio/packages/toolchain-gccarmnoneeabi/bin/../lib/gcc/arm-none-eabi/12.3.1/thumb/v7-m/nofp/libgcc.a(_arm_unordsf2.o)
                0x080010c0                __aeabi_fcmpun
                0x080010c0                __unordsf2
 .text          0x080010ec       0x4c /Users/jleeman/.platformio/packages/toolchain-gccarmnoneeabi/bin/../lib/gcc/arm-none-eabi/12.3.1/thumb/v7-m/nofp/libgcc.a(_arm_fixsfsi.o)
                0x080010ec                __fixsfsi
                0x080010ec                __aeabi_f2iz
 .text          0x08001138       0x40 /Users/jleeman/.platformio/packages/toolchain-gccarmnoneeabi/bin/../lib/gcc/arm-none-eabi/12.3.1/thumb/v7-m/nofp/libgcc.a(_arm_fixunssfsi.o)
                0x08001138                __aeabi_f2uiz
                0x08001138                __fixunssfsi
 .text          0x08001178       0x10 /Users/jleeman/.platformio/packages/toolchain-gccarmnoneeabi/bin/../lib/gcc/arm-none-eabi/12.3.1/../../../../arm-none-eabi/lib/thumb/v7-m/nofp/libc_nano.a(libc_a-strlen.o)
                0x08001178                strlen
 .text          0x08001188       0x14 /Users/jleeman/.platformio/packages/toolchain-gccarmnoneeabi/bin/../lib/gcc/arm-none-eabi/12.3.1/../../../../arm-none-eabi/lib/thumb/v7-m/nofp/libc_nano.a(libc_a-strcmp.o)
                0x08001188                strcmp
 *(.text*)
 .text.__do_global_dtors_aux
                0x0800119c       0x24 /Users/jleeman/.platformio/packages/toolchain-gccarmnoneeabi/bin/../lib/gcc/arm-none-eabi/12.3.1/thumb/v7-m/nofp/crtbegin.o
 .text.frame_dummy
                0x080011c0       0x1c /Users/jleeman/.platformio/packages/toolchain-gccarmnoneeabi/bin/../lib/gcc/arm-none-eabi/12.3.1/thumb/v7-m/nofp/crtbegin.o
 .text.Reset_Handler
                0x080011dc       0x60 .pio/build/bluepill_f103c8_128k/FrameworkArduinoVariant/startup_M200_f103xb.S.o
                0x080011dc                Reset_Handler
 .text.Default_Handler
                0x0800123c        0x4 .pio/build/bluepill_f103c8_128k/FrameworkArduinoVariant/startup_M200_f103xb.S.o
                0x0800123c                USBWakeUp_IRQHandler
                0x0800123c                DebugMon_Handler
                0x0800123c                HardFault_Handler
                0x0800123c                PVD_IRQHandler
                0x0800123c                PendSV_Handler
                0x0800123c                NMI_Handler
                0x0800123c                I2C2_EV_IRQHandler
                0x0800123c                UsageFault_Handler
                0x0800123c                ADC1_2_IRQHandler
                0x0800123c                SPI1_IRQHandler
                0x0800123c                TAMPER_IRQHandler
                0x0800123c                DMA1_Channel4_IRQHandler
                0x0800123c                RTC_IRQHandler
                0x0800123c                DMA1_Channel7_IRQHandler
                0x0800123c                CAN1_RX1_IRQHandler
                0x0800123c                I2C1_EV_IRQHandler
                0x0800123c                DMA1_Channel6_IRQHandler
                0x0800123c                RCC_IRQHandler
                0x0800123c                TIM1_TRG_COM_IRQHandler
                0x0800123c                DMA1_Channel1_IRQHandler
                0x0800123c                Default_Handler
                0x0800123c                SPI2_IRQHandler
                0x0800123c                MemManage_Handler
                0x0800123c                SVC_Handler
                0x0800123c                DMA1_Channel5_IRQHandler
                0x0800123c                USB_LP_CAN1_RX0_IRQHandler
                0x0800123c                USB_HP_CAN1_TX_IRQHandler
                0x0800123c                DMA1_Channel3_IRQHandler
                0x0800123c                WWDG_IRQHandler
                0x0800123c                TIM1_BRK_IRQHandler
                0x0800123c                I2C2_ER_IRQHandler
                0x0800123c                DMA1_Channel2_IRQHandler
                0x0800123c                CAN1_SCE_IRQHandler
                0x0800123c                FLASH_IRQHandler
                0x0800123c                BusFault_Handler
                0x0800123c                I2C1_ER_IRQHandler
                0x0800123c                RTC_Alarm_IRQHandler
 .text.SystemClock_Config
                0x08001240       0x7c .pio/build/bluepill_f103c8_128k/FrameworkArduinoVariant/variant_PILL_F103Cx.cpp.o
                0x08001240                SystemClock_Config
 .text.HAL_MspInit
                0x080012bc        0x2 .pio/build/bluepill_f103c8_128k/SrcWrapper/src/HAL/stm32yyxx_hal.c.o
                0x080012bc                HAL_MspInit
 *fill*         0x080012be        0x2 
 .text.HAL_InitTick
                0x080012c0       0x48 .pio/build/bluepill_f103c8_128k/SrcWrapper/src/HAL/stm32yyxx_hal.c.o
                0x080012c0                HAL_InitTick
 .text.HAL_Init
                0x08001308       0x24 .pio/build/bluepill_f103c8_128k/SrcWrapper/src/HAL/stm32yyxx_hal.c.o
                0x08001308                HAL_Init
 .text.HAL_IncTick
                0x0800132c       0x18 .pio/build/bluepill_f103c8_128k/SrcWrapper/src/HAL/stm32yyxx_hal.c.o
                0x0800132c                HAL_IncTick
 .text.HAL_GetTick
                0x08001344        0xc .pio/build/bluepill_f103c8_128k/SrcWrapper/src/HAL/stm32yyxx_hal.c.o
                0x08001344                HAL_GetTick
 .text.HAL_ADC_PollForConversion
                0x08001350      0x164 .pio/build/bluepill_f103c8_128k/SrcWrapper/src/HAL/stm32yyxx_hal_adc.c.o
                0x08001350                HAL_ADC_PollForConversion
 .text.HAL_ADC_GetValue
                0x080014b4        0x6 .pio/build/bluepill_f103c8_128k/SrcWrapper/src/HAL/stm32yyxx_hal_adc.c.o
                0x080014b4                HAL_ADC_GetValue
 *fill*         0x080014ba        0x2 
 .text.HAL_ADC_ConfigChannel
                0x080014bc       0xfc .pio/build/bluepill_f103c8_128k/SrcWrapper/src/HAL/stm32yyxx_hal_adc.c.o
                0x080014bc                HAL_ADC_ConfigChannel
 .text.HAL_ADC_GetState
                0x080015b8        0x4 .pio/build/bluepill_f103c8_128k/SrcWrapper/src/HAL/stm32yyxx_hal_adc.c.o
                0x080015b8                HAL_ADC_GetState
 .text.ADC_Enable
                0x080015bc       0x78 .pio/build/bluepill_f103c8_128k/SrcWrapper/src/HAL/stm32yyxx_hal_adc.c.o
                0x080015bc                ADC_Enable
 .text.HAL_ADC_Start
                0x08001634       0xc4 .pio/build/bluepill_f103c8_128k/SrcWrapper/src/HAL/stm32yyxx_hal_adc.c.o
                0x08001634                HAL_ADC_Start
 .text.ADC_ConversionStop_Disable
                0x080016f8       0x4c .pio/build/bluepill_f103c8_128k/SrcWrapper/src/HAL/stm32yyxx_hal_adc.c.o
                0x080016f8                ADC_ConversionStop_Disable
 .text.HAL_ADC_Init
                0x08001744       0xfc .pio/build/bluepill_f103c8_128k/SrcWrapper/src/HAL/stm32yyxx_hal_adc.c.o
                0x08001744                HAL_ADC_Init
 .text.HAL_ADC_DeInit
                0x08001840       0xc0 .pio/build/bluepill_f103c8_128k/SrcWrapper/src/HAL/stm32yyxx_hal_adc.c.o
                0x08001840                HAL_ADC_DeInit
 .text.HAL_ADC_Stop
                0x08001900       0x34 .pio/build/bluepill_f103c8_128k/SrcWrapper/src/HAL/stm32yyxx_hal_adc.c.o
                0x08001900                HAL_ADC_Stop
 .text.HAL_ADCEx_Calibration_Start
                0x08001934       0xe0 .pio/build/bluepill_f103c8_128k/SrcWrapper/src/HAL/stm32yyxx_hal_adc_ex.c.o
                0x08001934                HAL_ADCEx_Calibration_Start
 .text.HAL_NVIC_SetPriorityGrouping
                0x08001a14       0x24 .pio/build/bluepill_f103c8_128k/SrcWrapper/src/HAL/stm32yyxx_hal_cortex.c.o
                0x08001a14                HAL_NVIC_SetPriorityGrouping
 .text.HAL_NVIC_SetPriority
                0x08001a38       0x60 .pio/build/bluepill_f103c8_128k/SrcWrapper/src/HAL/stm32yyxx_hal_cortex.c.o
                0x08001a38                HAL_NVIC_SetPriority
 .text.HAL_NVIC_EnableIRQ
                0x08001a98       0x1c .pio/build/bluepill_f103c8_128k/SrcWrapper/src/HAL/stm32yyxx_hal_cortex.c.o
                0x08001a98                HAL_NVIC_EnableIRQ
 .text.HAL_NVIC_DisableIRQ
                0x08001ab4       0x24 .pio/build/bluepill_f103c8_128k/SrcWrapper/src/HAL/stm32yyxx_hal_cortex.c.o
                0x08001ab4                HAL_NVIC_DisableIRQ
 .text.HAL_SYSTICK_Config
                0x08001ad8       0x28 .pio/build/bluepill_f103c8_128k/SrcWrapper/src/HAL/stm32yyxx_hal_cortex.c.o
                0x08001ad8                HAL_SYSTICK_Config
 .text.HAL_NVIC_ClearPendingIRQ
                0x08001b00       0x1c .pio/build/bluepill_f103c8_128k/SrcWrapper/src/HAL/stm32yyxx_hal_cortex.c.o
                0x08001b00                HAL_NVIC_ClearPendingIRQ
 .text.HAL_SYSTICK_Callback
                0x08001b1c        0x2 .pio/build/bluepill_f103c8_128k/SrcWrapper/src/HAL/stm32yyxx_hal_cortex.c.o
                0x08001b1c                HAL_SYSTICK_Callback
 .text.HAL_SYSTICK_IRQHandler
                0x08001b1e        0x8 .pio/build/bluepill_f103c8_128k/SrcWrapper/src/HAL/stm32yyxx_hal_cortex.c.o
                0x08001b1e                HAL_SYSTICK_IRQHandler
 .text.HAL_CRC_MspInit
                0x08001b26        0x2 .pio/build/bluepill_f103c8_128k/SrcWrapper/src/HAL/stm32yyxx_hal_crc.c.o
                0x08001b26                HAL_CRC_MspInit
 .text.HAL_CRC_Init
                0x08001b28       0x20 .pio/build/bluepill_f103c8_128k/SrcWrapper/src/HAL/stm32yyxx_hal_crc.c.o
                0x08001b28                HAL_CRC_Init
 .text.HAL_DMA_Abort
                0x08001b48       0x3e .pio/build/bluepill_f103c8_128k/SrcWrapper/src/HAL/stm32yyxx_hal_dma.c.o
                0x08001b48                HAL_DMA_Abort
 *fill*         0x08001b86        0x2 
 .text.HAL_DMA_Abort_IT
                0x08001b88       0x8c .pio/build/bluepill_f103c8_128k/SrcWrapper/src/HAL/stm32yyxx_hal_dma.c.o
                0x08001b88                HAL_DMA_Abort_IT
 .text.HAL_GPIO_Init
                0x08001c14      0x1b0 .pio/build/bluepill_f103c8_128k/SrcWrapper/src/HAL/stm32yyxx_hal_gpio.c.o
                0x08001c14                HAL_GPIO_Init
 .text.HAL_GPIO_EXTI_IRQHandler
                0x08001dc4       0x18 .pio/build/bluepill_f103c8_128k/SrcWrapper/src/HAL/stm32yyxx_hal_gpio.c.o
                0x08001dc4                HAL_GPIO_EXTI_IRQHandler
 .text.HAL_RCC_OscConfig
                0x08001ddc      0x338 .pio/build/bluepill_f103c8_128k/SrcWrapper/src/HAL/stm32yyxx_hal_rcc.c.o
                0x08001ddc                HAL_RCC_OscConfig
 .text.HAL_RCC_GetSysClockFreq
                0x08002114       0x4c .pio/build/bluepill_f103c8_128k/SrcWrapper/src/HAL/stm32yyxx_hal_rcc.c.o
                0x08002114                HAL_RCC_GetSysClockFreq
 .text.HAL_RCC_ClockConfig
                0x08002160      0x138 .pio/build/bluepill_f103c8_128k/SrcWrapper/src/HAL/stm32yyxx_hal_rcc.c.o
                0x08002160                HAL_RCC_ClockConfig
 .text.HAL_RCC_GetPCLK1Freq
                0x08002298       0x20 .pio/build/bluepill_f103c8_128k/SrcWrapper/src/HAL/stm32yyxx_hal_rcc.c.o
                0x08002298                HAL_RCC_GetPCLK1Freq
 .text.HAL_RCC_GetPCLK2Freq
                0x080022b8       0x20 .pio/build/bluepill_f103c8_128k/SrcWrapper/src/HAL/stm32yyxx_hal_rcc.c.o
                0x080022b8                HAL_RCC_GetPCLK2Freq
 .text.HAL_RCC_GetClockConfig
                0x080022d8       0x3c .pio/build/bluepill_f103c8_128k/SrcWrapper/src/HAL/stm32yyxx_hal_rcc.c.o
                0x080022d8                HAL_RCC_GetClockConfig
 .text.HAL_RCCEx_PeriphCLKConfig
                0x08002314       0xf4 .pio/build/bluepill_f103c8_128k/SrcWrapper/src/HAL/stm32yyxx_hal_rcc_ex.c.o
                0x08002314                HAL_RCCEx_PeriphCLKConfig
 .text.HAL_RCCEx_GetPeriphCLKFreq
                0x08002408       0xbc .pio/build/bluepill_f103c8_128k/SrcWrapper/src/HAL/stm32yyxx_hal_rcc_ex.c.o
                0x08002408                HAL_RCCEx_GetPeriphCLKFreq
 .text.HAL_SPI_MspInit
                0x080024c4        0x2 .pio/build/bluepill_f103c8_128k/SrcWrapper/src/HAL/stm32yyxx_hal_spi.c.o
                0x080024c4                HAL_SPI_MspInit
 .text.HAL_SPI_Init
                0x080024c6       0xb0 .pio/build/bluepill_f103c8_128k/SrcWrapper/src/HAL/stm32yyxx_hal_spi.c.o
                0x080024c6                HAL_SPI_Init
 *fill*         0x08002576        0x2 
 .text.TIM_OC1_SetConfig
                0x08002578       0x50 .pio/build/bluepill_f103c8_128k/SrcWrapper/src/HAL/stm32yyxx_hal_tim.c.o
 .text.TIM_OC3_SetConfig
                0x080025c8       0x54 .pio/build/bluepill_f103c8_128k/SrcWrapper/src/HAL/stm32yyxx_hal_tim.c.o
 .text.TIM_OC4_SetConfig
                0x0800261c       0x44 .pio/build/bluepill_f103c8_128k/SrcWrapper/src/HAL/stm32yyxx_hal_tim.c.o
 .text.HAL_TIM_Base_Start
                0x08002660       0x4c .pio/build/bluepill_f103c8_128k/SrcWrapper/src/HAL/stm32yyxx_hal_tim.c.o
                0x08002660                HAL_TIM_Base_Start
 .text.HAL_TIM_GenerateEvent
                0x080026ac       0x24 .pio/build/bluepill_f103c8_128k/SrcWrapper/src/HAL/stm32yyxx_hal_tim.c.o
                0x080026ac                HAL_TIM_GenerateEvent
 .text.HAL_TIM_PWM_PulseFinishedCallback
                0x080026d0        0x2 .pio/build/bluepill_f103c8_128k/SrcWrapper/src/HAL/stm32yyxx_hal_tim.c.o
                0x080026d0                HAL_TIM_PWM_PulseFinishedCallback
 .text.HAL_TIM_TriggerCallback
                0x080026d2        0x2 .pio/build/bluepill_f103c8_128k/SrcWrapper/src/HAL/stm32yyxx_hal_tim.c.o
                0x080026d2                HAL_TIM_TriggerCallback
 .text.HAL_TIM_IRQHandler
                0x080026d4      0x128 .pio/build/bluepill_f103c8_128k/SrcWrapper/src/HAL/stm32yyxx_hal_tim.c.o
                0x080026d4                HAL_TIM_IRQHandler
 .text.TIM_Base_SetConfig
                0x080027fc       0x64 .pio/build/bluepill_f103c8_128k/SrcWrapper/src/HAL/stm32yyxx_hal_tim.c.o
                0x080027fc                TIM_Base_SetConfig
 .text.HAL_TIM_Base_Init
                0x08002860       0x58 .pio/build/bluepill_f103c8_128k/SrcWrapper/src/HAL/stm32yyxx_hal_tim.c.o
                0x08002860                HAL_TIM_Base_Init
 .text.TIM_OC2_SetConfig
                0x080028b8       0x58 .pio/build/bluepill_f103c8_128k/SrcWrapper/src/HAL/stm32yyxx_hal_tim.c.o
                0x080028b8                TIM_OC2_SetConfig
 .text.HAL_TIM_OC_ConfigChannel
                0x08002910       0x4c .pio/build/bluepill_f103c8_128k/SrcWrapper/src/HAL/stm32yyxx_hal_tim.c.o
                0x08002910                HAL_TIM_OC_ConfigChannel
 .text.HAL_TIM_PWM_ConfigChannel
                0x0800295c       0xb0 .pio/build/bluepill_f103c8_128k/SrcWrapper/src/HAL/stm32yyxx_hal_tim.c.o
                0x0800295c                HAL_TIM_PWM_ConfigChannel
 .text.TIM_TI1_SetConfig
                0x08002a0c       0x54 .pio/build/bluepill_f103c8_128k/SrcWrapper/src/HAL/stm32yyxx_hal_tim.c.o
                0x08002a0c                TIM_TI1_SetConfig
 .text.HAL_TIM_IC_ConfigChannel
                0x08002a60      0x124 .pio/build/bluepill_f103c8_128k/SrcWrapper/src/HAL/stm32yyxx_hal_tim.c.o
                0x08002a60                HAL_TIM_IC_ConfigChannel
 .text.TIM_CCxChannelCmd
                0x08002b84       0x1c .pio/build/bluepill_f103c8_128k/SrcWrapper/src/HAL/stm32yyxx_hal_tim.c.o
                0x08002b84                TIM_CCxChannelCmd
 .text.HAL_TIM_OC_Start
                0x08002ba0       0x98 .pio/build/bluepill_f103c8_128k/SrcWrapper/src/HAL/stm32yyxx_hal_tim.c.o
                0x08002ba0                HAL_TIM_OC_Start
 .text.HAL_TIM_PWM_Start
                0x08002c38        0x4 .pio/build/bluepill_f103c8_128k/SrcWrapper/src/HAL/stm32yyxx_hal_tim.c.o
                0x08002c38                HAL_TIM_PWM_Start
 .text.HAL_TIM_IC_Start
                0x08002c3c       0xd0 .pio/build/bluepill_f103c8_128k/SrcWrapper/src/HAL/stm32yyxx_hal_tim.c.o
                0x08002c3c                HAL_TIM_IC_Start
 .text.TIM_CCxNChannelCmd
                0x08002d0c       0x1c .pio/build/bluepill_f103c8_128k/SrcWrapper/src/HAL/stm32yyxx_hal_tim_ex.c.o
 .text.HAL_TIMEx_OCN_Start
                0x08002d28       0x94 .pio/build/bluepill_f103c8_128k/SrcWrapper/src/HAL/stm32yyxx_hal_tim_ex.c.o
                0x08002d28                HAL_TIMEx_OCN_Start
 .text.HAL_TIMEx_PWMN_Start
                0x08002dbc        0x4 .pio/build/bluepill_f103c8_128k/SrcWrapper/src/HAL/stm32yyxx_hal_tim_ex.c.o
                0x08002dbc                HAL_TIMEx_PWMN_Start
 .text.HAL_TIMEx_CommutCallback
                0x08002dc0        0x2 .pio/build/bluepill_f103c8_128k/SrcWrapper/src/HAL/stm32yyxx_hal_tim_ex.c.o
                0x08002dc0                HAL_TIMEx_CommutCallback
 .text.HAL_TIMEx_BreakCallback
                0x08002dc2        0x2 .pio/build/bluepill_f103c8_128k/SrcWrapper/src/HAL/stm32yyxx_hal_tim_ex.c.o
                0x08002dc2                HAL_TIMEx_BreakCallback
 .text.UART_EndRxTransfer
                0x08002dc4       0x5c .pio/build/bluepill_f103c8_128k/SrcWrapper/src/HAL/stm32yyxx_hal_uart.c.o
 .text.UART_SetConfig
                0x08002e20       0x74 .pio/build/bluepill_f103c8_128k/SrcWrapper/src/HAL/stm32yyxx_hal_uart.c.o
 .text.UART_WaitOnFlagUntilTimeout.constprop.0
                0x08002e94       0x64 .pio/build/bluepill_f103c8_128k/SrcWrapper/src/HAL/stm32yyxx_hal_uart.c.o
 .text.HAL_UART_MspInit
                0x08002ef8        0x2 .pio/build/bluepill_f103c8_128k/SrcWrapper/src/HAL/stm32yyxx_hal_uart.c.o
                0x08002ef8                HAL_UART_MspInit
 .text.HAL_UART_Init
                0x08002efa       0x5e .pio/build/bluepill_f103c8_128k/SrcWrapper/src/HAL/stm32yyxx_hal_uart.c.o
                0x08002efa                HAL_UART_Init
 .text.HAL_HalfDuplex_Init
                0x08002f58       0x66 .pio/build/bluepill_f103c8_128k/SrcWrapper/src/HAL/stm32yyxx_hal_uart.c.o
                0x08002f58                HAL_HalfDuplex_Init
 .text.HAL_UART_Transmit
                0x08002fbe       0x9c .pio/build/bluepill_f103c8_128k/SrcWrapper/src/HAL/stm32yyxx_hal_uart.c.o
                0x08002fbe                HAL_UART_Transmit
 .text.HAL_UART_Transmit_IT
                0x0800305a       0x32 .pio/build/bluepill_f103c8_128k/SrcWrapper/src/HAL/stm32yyxx_hal_uart.c.o
                0x0800305a                HAL_UART_Transmit_IT
 .text.UART_DMAAbortOnError
                0x0800308c       0x10 .pio/build/bluepill_f103c8_128k/SrcWrapper/src/HAL/stm32yyxx_hal_uart.c.o
 .text.HAL_UARTEx_RxEventCallback
                0x0800309c        0x2 .pio/build/bluepill_f103c8_128k/SrcWrapper/src/HAL/stm32yyxx_hal_uart.c.o
                0x0800309c                HAL_UARTEx_RxEventCallback
 .text.UART_Receive_IT.isra.0
                0x0800309e       0xb6 .pio/build/bluepill_f103c8_128k/SrcWrapper/src/HAL/stm32yyxx_hal_uart.c.o
 .text.HAL_UART_IRQHandler
                0x08003154      0x2d8 .pio/build/bluepill_f103c8_128k/SrcWrapper/src/HAL/stm32yyxx_hal_uart.c.o
                0x08003154                HAL_UART_IRQHandler
 .text.HAL_HalfDuplex_EnableTransmitter
                0x0800342c       0x30 .pio/build/bluepill_f103c8_128k/SrcWrapper/src/HAL/stm32yyxx_hal_uart.c.o
                0x0800342c                HAL_HalfDuplex_EnableTransmitter
 .text.HAL_HalfDuplex_EnableReceiver
                0x0800345c       0x30 .pio/build/bluepill_f103c8_128k/SrcWrapper/src/HAL/stm32yyxx_hal_uart.c.o
                0x0800345c                HAL_HalfDuplex_EnableReceiver
 .text.HAL_UART_GetState
                0x0800348c        0xc .pio/build/bluepill_f103c8_128k/SrcWrapper/src/HAL/stm32yyxx_hal_uart.c.o
                0x0800348c                HAL_UART_GetState
 .text.UART_Start_Receive_IT
                0x08003498       0x32 .pio/build/bluepill_f103c8_128k/SrcWrapper/src/HAL/stm32yyxx_hal_uart.c.o
                0x08003498                UART_Start_Receive_IT
 .text.HAL_UART_Receive_IT
                0x080034ca       0x22 .pio/build/bluepill_f103c8_128k/SrcWrapper/src/HAL/stm32yyxx_hal_uart.c.o
                0x080034ca                HAL_UART_Receive_IT
 .text._ZNSt8functionIFvvEEaSEDn.isra.0
                0x080034ec       0x16 .pio/build/bluepill_f103c8_128k/SrcWrapper/src/HardwareTimer.cpp.o
 .text._ZNSt14_Function_baseD2Ev
                0x08003502       0x12 .pio/build/bluepill_f103c8_128k/SrcWrapper/src/HardwareTimer.cpp.o
                0x08003502                std::_Function_base::~_Function_base()
                0x08003502                std::_Function_base::~_Function_base()
 .text._ZN13HardwareTimer10getChannelEm
                0x08003514        0xe .pio/build/bluepill_f103c8_128k/SrcWrapper/src/HardwareTimer.cpp.o
                0x08003514                HardwareTimer::getChannel(unsigned long)
 *fill*         0x08003522        0x2 
 .text._ZN13HardwareTimer12getLLChannelEm
                0x08003524       0x44 .pio/build/bluepill_f103c8_128k/SrcWrapper/src/HardwareTimer.cpp.o
                0x08003524                HardwareTimer::getLLChannel(unsigned long)
 .text._ZN13HardwareTimer5getITEm
                0x08003568       0x14 .pio/build/bluepill_f103c8_128k/SrcWrapper/src/HardwareTimer.cpp.o
                0x08003568                HardwareTimer::getIT(unsigned long)
 .text._ZN13HardwareTimer20getAssociatedChannelEm
                0x0800357c       0x14 .pio/build/bluepill_f103c8_128k/SrcWrapper/src/HardwareTimer.cpp.o
                0x0800357c                HardwareTimer::getAssociatedChannel(unsigned long)
 .text._ZN13HardwareTimer13resumeChannelEm
                0x08003590       0xf6 .pio/build/bluepill_f103c8_128k/SrcWrapper/src/HardwareTimer.cpp.o
                0x08003590                HardwareTimer::resumeChannel(unsigned long)
 .text._ZN13HardwareTimer6resumeEv
                0x08003686       0x4c .pio/build/bluepill_f103c8_128k/SrcWrapper/src/HardwareTimer.cpp.o
                0x08003686                HardwareTimer::resume()
 *fill*         0x080036d2        0x2 
 .text._ZN13HardwareTimer7setModeEm12TimerModes_t7PinName20ChannelInputFilter_t
                0x080036d4      0x240 .pio/build/bluepill_f103c8_128k/SrcWrapper/src/HardwareTimer.cpp.o
                0x080036d4                HardwareTimer::setMode(unsigned long, TimerModes_t, PinName, ChannelInputFilter_t)
 .text._ZN13HardwareTimer7getModeEm
                0x08003914       0x10 .pio/build/bluepill_f103c8_128k/SrcWrapper/src/HardwareTimer.cpp.o
                0x08003914                HardwareTimer::getMode(unsigned long)
 .text._ZN13HardwareTimer7refreshEv
                0x08003924        0x8 .pio/build/bluepill_f103c8_128k/SrcWrapper/src/HardwareTimer.cpp.o
                0x08003924                HardwareTimer::refresh()
 .text._ZN13HardwareTimer9isRunningEv
                0x0800392c        0xa .pio/build/bluepill_f103c8_128k/SrcWrapper/src/HardwareTimer.cpp.o
                0x0800392c                HardwareTimer::isRunning()
 .text._ZN13HardwareTimer27updateRegistersIfNotRunningEP11TIM_TypeDef
                0x08003936       0x3a .pio/build/bluepill_f103c8_128k/SrcWrapper/src/HardwareTimer.cpp.o
                0x08003936                HardwareTimer::updateRegistersIfNotRunning(TIM_TypeDef*)
 .text._Z15get_timer_indexP11TIM_TypeDef
                0x08003970       0x34 .pio/build/bluepill_f103c8_128k/SrcWrapper/src/HardwareTimer.cpp.o
                0x08003970                get_timer_index(TIM_TypeDef*)
 .text._ZN13HardwareTimerD2Ev
                0x080039a4       0x40 .pio/build/bluepill_f103c8_128k/SrcWrapper/src/HardwareTimer.cpp.o
                0x080039a4                HardwareTimer::~HardwareTimer()
                0x080039a4                HardwareTimer::~HardwareTimer()
 .text._ZN13HardwareTimer5setupEP11TIM_TypeDef
                0x080039e4       0x84 .pio/build/bluepill_f103c8_128k/SrcWrapper/src/HardwareTimer.cpp.o
                0x080039e4                HardwareTimer::setup(TIM_TypeDef*)
 .text._ZN13HardwareTimer15getTimerClkFreqEv
                0x08003a68       0x58 .pio/build/bluepill_f103c8_128k/SrcWrapper/src/HardwareTimer.cpp.o
                0x08003a68                HardwareTimer::getTimerClkFreq()
 .text._ZN13HardwareTimer11setOverflowEm13TimerFormat_t
                0x08003ac0       0x4c .pio/build/bluepill_f103c8_128k/SrcWrapper/src/HardwareTimer.cpp.o
                0x08003ac0                HardwareTimer::setOverflow(unsigned long, TimerFormat_t)
 .text._ZN13HardwareTimer17setCaptureCompareEmm20TimerCompareFormat_t
                0x08003b0c       0x9c .pio/build/bluepill_f103c8_128k/SrcWrapper/src/HardwareTimer.cpp.o
                0x08003b0c                HardwareTimer::setCaptureCompare(unsigned long, unsigned long, TimerCompareFormat_t)
 .text.TIM1_UP_IRQHandler
                0x08003ba8       0x14 .pio/build/bluepill_f103c8_128k/SrcWrapper/src/HardwareTimer.cpp.o
                0x08003ba8                TIM1_UP_IRQHandler
 .text.TIM1_CC_IRQHandler
                0x08003bbc        0x4 .pio/build/bluepill_f103c8_128k/SrcWrapper/src/HardwareTimer.cpp.o
                0x08003bbc                TIM1_CC_IRQHandler
 .text.TIM2_IRQHandler
                0x08003bc0       0x14 .pio/build/bluepill_f103c8_128k/SrcWrapper/src/HardwareTimer.cpp.o
                0x08003bc0                TIM2_IRQHandler
 .text.TIM3_IRQHandler
                0x08003bd4       0x14 .pio/build/bluepill_f103c8_128k/SrcWrapper/src/HardwareTimer.cpp.o
                0x08003bd4                TIM3_IRQHandler
 .text.TIM4_IRQHandler
                0x08003be8       0x14 .pio/build/bluepill_f103c8_128k/SrcWrapper/src/HardwareTimer.cpp.o
                0x08003be8                TIM4_IRQHandler
 .text._ZNSt8functionIFvvEEC2Ev
                0x08003bfc        0xc .pio/build/bluepill_f103c8_128k/SrcWrapper/src/HardwareTimer.cpp.o
                0x08003bfc                std::function<void ()>::function()
                0x08003bfc                std::function<void ()>::function()
 .text._ZN13HardwareTimerC2EP11TIM_TypeDef
                0x08003c08       0x2a .pio/build/bluepill_f103c8_128k/SrcWrapper/src/HardwareTimer.cpp.o
                0x08003c08                HardwareTimer::HardwareTimer(TIM_TypeDef*)
                0x08003c08                HardwareTimer::HardwareTimer(TIM_TypeDef*)
 .text._ZNSt8functionIFvvEEC2ERKS1_
                0x08003c32       0x24 .pio/build/bluepill_f103c8_128k/SrcWrapper/src/HardwareTimer.cpp.o
                0x08003c32                std::function<void ()>::function(std::function<void ()> const&)
                0x08003c32                std::function<void ()>::function(std::function<void ()> const&)
 .text._ZNKSt8functionIFvvEEclEv
                0x08003c56       0x12 .pio/build/bluepill_f103c8_128k/SrcWrapper/src/HardwareTimer.cpp.o
                0x08003c56                std::function<void ()>::operator()() const
 .text._ZN13HardwareTimer14updateCallbackEP17TIM_HandleTypeDef
                0x08003c68       0x18 .pio/build/bluepill_f103c8_128k/SrcWrapper/src/HardwareTimer.cpp.o
                0x08003c68                HardwareTimer::updateCallback(TIM_HandleTypeDef*)
 .text.HAL_TIM_PeriodElapsedCallback
                0x08003c80        0x4 .pio/build/bluepill_f103c8_128k/SrcWrapper/src/HardwareTimer.cpp.o
                0x08003c80                HAL_TIM_PeriodElapsedCallback
 .text._ZN13HardwareTimer22captureCompareCallbackEP17TIM_HandleTypeDef
                0x08003c84       0x3e .pio/build/bluepill_f103c8_128k/SrcWrapper/src/HardwareTimer.cpp.o
                0x08003c84                HardwareTimer::captureCompareCallback(TIM_HandleTypeDef*)
 .text.HAL_TIM_OC_DelayElapsedCallback
                0x08003cc2        0x4 .pio/build/bluepill_f103c8_128k/SrcWrapper/src/HardwareTimer.cpp.o
                0x08003cc2                HAL_TIM_OC_DelayElapsedCallback
 .text.HAL_TIM_IC_CaptureCallback
                0x08003cc6        0x4 .pio/build/bluepill_f103c8_128k/SrcWrapper/src/HardwareTimer.cpp.o
                0x08003cc6                HAL_TIM_IC_CaptureCallback
 .text._Znwj    0x08003cca        0x4 .pio/build/bluepill_f103c8_128k/SrcWrapper/src/new.cpp.o
                0x08003cca                operator new(unsigned int)
 .text._ZdlPvj  0x08003cce        0x4 .pio/build/bluepill_f103c8_128k/SrcWrapper/src/new.cpp.o
                0x08003cce                operator delete(void*, unsigned int)
 *fill*         0x08003cd2        0x2 
 .text.set_GPIO_Port_Clock
                0x08003cd4       0xa8 .pio/build/bluepill_f103c8_128k/SrcWrapper/src/stm32/PortNames.c.o
                0x08003cd4                set_GPIO_Port_Clock
 .text.get_adc_channel
                0x08003d7c       0x18 .pio/build/bluepill_f103c8_128k/SrcWrapper/src/stm32/analog.cpp.o
                0x08003d7c                get_adc_channel
 .text.get_adc_internal_channel
                0x08003d94       0x1a .pio/build/bluepill_f103c8_128k/SrcWrapper/src/stm32/analog.cpp.o
                0x08003d94                get_adc_internal_channel
 *fill*         0x08003dae        0x2 
 .text.HAL_ADC_MspInit
                0x08003db0       0x64 .pio/build/bluepill_f103c8_128k/SrcWrapper/src/stm32/analog.cpp.o
                0x08003db0                HAL_ADC_MspInit
 .text.HAL_ADC_MspDeInit
                0x08003e14       0x58 .pio/build/bluepill_f103c8_128k/SrcWrapper/src/stm32/analog.cpp.o
                0x08003e14                HAL_ADC_MspDeInit
 .text.adc_read_value
                0x08003e6c      0x100 .pio/build/bluepill_f103c8_128k/SrcWrapper/src/stm32/analog.cpp.o
                0x08003e6c                adc_read_value
 .text.pwm_start
                0x08003f6c       0xa4 .pio/build/bluepill_f103c8_128k/SrcWrapper/src/stm32/analog.cpp.o
                0x08003f6c                pwm_start
 .text.pwm_stop
                0x08004010       0x5c .pio/build/bluepill_f103c8_128k/SrcWrapper/src/stm32/analog.cpp.o
                0x08004010                pwm_stop
 .text.getCurrentMillis
                0x0800406c        0x4 .pio/build/bluepill_f103c8_128k/SrcWrapper/src/stm32/clock.c.o
                0x0800406c                getCurrentMillis
 .text.noOsSystickHandler
                0x08004070        0x2 .pio/build/bluepill_f103c8_128k/SrcWrapper/src/stm32/clock.c.o
                0x08004070                noOsSystickHandler
                0x08004070                osSystickHandler
 .text.SysTick_Handler
                0x08004072       0x10 .pio/build/bluepill_f103c8_128k/SrcWrapper/src/stm32/clock.c.o
                0x08004072                SysTick_Handler
 .text.configHSECapacitorTuning
                0x08004082        0x2 .pio/build/bluepill_f103c8_128k/SrcWrapper/src/stm32/clock.c.o
                0x08004082                configHSECapacitorTuning
 .text.configIPClock
                0x08004084       0x44 .pio/build/bluepill_f103c8_128k/SrcWrapper/src/stm32/clock.c.o
                0x08004084                configIPClock
 .text.dwt_init
                0x080040c8       0x3c .pio/build/bluepill_f103c8_128k/SrcWrapper/src/stm32/dwt.c.o
                0x080040c8                dwt_init
 .text.hw_config_init
                0x08004104       0x24 .pio/build/bluepill_f103c8_128k/SrcWrapper/src/stm32/hw_config.c.o
                0x08004104                hw_config_init
 .text._ZNSt17_Function_handlerIFvvEPS0_E10_M_managerERSt9_Any_dataRKS3_St18_Manager_operation
                0x08004128       0x20 .pio/build/bluepill_f103c8_128k/SrcWrapper/src/stm32/interrupt.cpp.o
                0x08004128                std::_Function_handler<void (), void (*)()>::_M_manager(std::_Any_data&, std::_Any_data const&, std::_Manager_operation)
 .text._ZNSt17_Function_handlerIFvvEPS0_E9_M_invokeERKSt9_Any_data
                0x08004148        0x4 .pio/build/bluepill_f103c8_128k/SrcWrapper/src/stm32/interrupt.cpp.o
                0x08004148                std::_Function_handler<void (), void (*)()>::_M_invoke(std::_Any_data const&)
 .text.startup._ZNSt8functionIFvvEEC2EDn.constprop.0.isra.0
                0x0800414c        0xc .pio/build/bluepill_f103c8_128k/SrcWrapper/src/stm32/interrupt.cpp.o
 .text._Z23stm32_interrupt_disableP12GPIO_TypeDeft
                0x08004158       0x78 .pio/build/bluepill_f103c8_128k/SrcWrapper/src/stm32/interrupt.cpp.o
                0x08004158                stm32_interrupt_disable(GPIO_TypeDef*, unsigned short)
 .text.HAL_GPIO_EXTI_Callback
                0x080041d0       0x2c .pio/build/bluepill_f103c8_128k/SrcWrapper/src/stm32/interrupt.cpp.o
                0x080041d0                HAL_GPIO_EXTI_Callback
 .text.EXTI0_IRQHandler
                0x080041fc        0x6 .pio/build/bluepill_f103c8_128k/SrcWrapper/src/stm32/interrupt.cpp.o
                0x080041fc                EXTI0_IRQHandler
 .text.EXTI1_IRQHandler
                0x08004202        0x6 .pio/build/bluepill_f103c8_128k/SrcWrapper/src/stm32/interrupt.cpp.o
                0x08004202                EXTI1_IRQHandler
 .text.EXTI2_IRQHandler
                0x08004208        0x6 .pio/build/bluepill_f103c8_128k/SrcWrapper/src/stm32/interrupt.cpp.o
                0x08004208                EXTI2_IRQHandler
 .text.EXTI3_IRQHandler
                0x0800420e        0x6 .pio/build/bluepill_f103c8_128k/SrcWrapper/src/stm32/interrupt.cpp.o
                0x0800420e                EXTI3_IRQHandler
 .text.EXTI4_IRQHandler
                0x08004214        0x6 .pio/build/bluepill_f103c8_128k/SrcWrapper/src/stm32/interrupt.cpp.o
                0x08004214                EXTI4_IRQHandler
 .text.EXTI9_5_IRQHandler
                0x0800421a       0x16 .pio/build/bluepill_f103c8_128k/SrcWrapper/src/stm32/interrupt.cpp.o
                0x0800421a                EXTI9_5_IRQHandler
 .text.EXTI15_10_IRQHandler
                0x08004230       0x18 .pio/build/bluepill_f103c8_128k/SrcWrapper/src/stm32/interrupt.cpp.o
                0x08004230                EXTI15_10_IRQHandler
 .text._Z22stm32_interrupt_enableP12GPIO_TypeDeftSt8functionIFvvEEm
                0x08004248       0xf0 .pio/build/bluepill_f103c8_128k/SrcWrapper/src/stm32/interrupt.cpp.o
                0x08004248                stm32_interrupt_enable(GPIO_TypeDef*, unsigned short, std::function<void ()>, unsigned long)
 .text.startup._GLOBAL__sub_I__Z22stm32_interrupt_enableP12GPIO_TypeDeftSt8functionIFvvEEm
                0x08004338       0xd8 .pio/build/bluepill_f103c8_128k/SrcWrapper/src/stm32/interrupt.cpp.o
 .text.exit._GLOBAL__sub_D__Z22stm32_interrupt_enableP12GPIO_TypeDeftSt8functionIFvvEEm
                0x08004410       0x1c .pio/build/bluepill_f103c8_128k/SrcWrapper/src/stm32/interrupt.cpp.o
 .text.pin_SetF1AFPin
                0x0800442c      0x1f8 .pio/build/bluepill_f103c8_128k/SrcWrapper/src/stm32/pinmap.c.o
 .text.LL_GPIO_SetPinMode
                0x08004624       0x2c .pio/build/bluepill_f103c8_128k/SrcWrapper/src/stm32/pinmap.c.o
 .text.LL_GPIO_SetPinOutputType
                0x08004650       0x2c .pio/build/bluepill_f103c8_128k/SrcWrapper/src/stm32/pinmap.c.o
 .text.pin_in_pinmap
                0x0800467c       0x1e .pio/build/bluepill_f103c8_128k/SrcWrapper/src/stm32/pinmap.c.o
                0x0800467c                pin_in_pinmap
 *fill*         0x0800469a        0x2 
 .text.pin_function
                0x0800469c      0x18c .pio/build/bluepill_f103c8_128k/SrcWrapper/src/stm32/pinmap.c.o
                0x0800469c                pin_function
 .text.pinmap_pinout
                0x08004828       0x1a .pio/build/bluepill_f103c8_128k/SrcWrapper/src/stm32/pinmap.c.o
                0x08004828                pinmap_pinout
 .text.pinmap_find_peripheral
                0x08004842       0x16 .pio/build/bluepill_f103c8_128k/SrcWrapper/src/stm32/pinmap.c.o
                0x08004842                pinmap_find_peripheral
 .text.pinmap_peripheral
                0x08004858        0xc .pio/build/bluepill_f103c8_128k/SrcWrapper/src/stm32/pinmap.c.o
                0x08004858                pinmap_peripheral
 .text.pinmap_find_pin
                0x08004864       0x16 .pio/build/bluepill_f103c8_128k/SrcWrapper/src/stm32/pinmap.c.o
                0x08004864                pinmap_find_pin
 .text.pinmap_pin
                0x0800487a        0xc .pio/build/bluepill_f103c8_128k/SrcWrapper/src/stm32/pinmap.c.o
                0x0800487a                pinmap_pin
 .text.pinmap_find_function
                0x08004886       0x16 .pio/build/bluepill_f103c8_128k/SrcWrapper/src/stm32/pinmap.c.o
                0x08004886                pinmap_find_function
 .text.pinmap_function
                0x0800489c        0xa .pio/build/bluepill_f103c8_128k/SrcWrapper/src/stm32/pinmap.c.o
                0x0800489c                pinmap_function
 .text.pinmap_merge_peripheral
                0x080048a6       0x14 .pio/build/bluepill_f103c8_128k/SrcWrapper/src/stm32/pinmap.c.o
                0x080048a6                pinmap_merge_peripheral
 *fill*         0x080048ba        0x2 
 .text.SystemInit
                0x080048bc       0x4c .pio/build/bluepill_f103c8_128k/SrcWrapper/src/stm32/system_stm32yyxx.c.o
                0x080048bc                SystemInit
 .text.get_timer_obj
                0x08004908        0x4 .pio/build/bluepill_f103c8_128k/SrcWrapper/src/stm32/timer.c.o
                0x08004908                get_timer_obj
 .text.enableTimerClock
                0x0800490c       0x88 .pio/build/bluepill_f103c8_128k/SrcWrapper/src/stm32/timer.c.o
                0x0800490c                enableTimerClock
 .text.disableTimerClock
                0x08004994       0x5c .pio/build/bluepill_f103c8_128k/SrcWrapper/src/stm32/timer.c.o
                0x08004994                disableTimerClock
 .text.getTimerUpIrq
                0x080049f0       0x40 .pio/build/bluepill_f103c8_128k/SrcWrapper/src/stm32/timer.c.o
                0x080049f0                getTimerUpIrq
 .text.getTimerCCIrq
                0x08004a30       0x40 .pio/build/bluepill_f103c8_128k/SrcWrapper/src/stm32/timer.c.o
                0x08004a30                getTimerCCIrq
 .text.HAL_TIM_Base_MspInit
                0x08004a70       0x4e .pio/build/bluepill_f103c8_128k/SrcWrapper/src/stm32/timer.c.o
                0x08004a70                HAL_TIM_Base_MspInit
 *fill*         0x08004abe        0x2 
 .text.getTimerClkSrc
                0x08004ac0       0x34 .pio/build/bluepill_f103c8_128k/SrcWrapper/src/stm32/timer.c.o
                0x08004ac0                getTimerClkSrc
 .text.getTimerChannel
                0x08004af4       0x20 .pio/build/bluepill_f103c8_128k/SrcWrapper/src/stm32/timer.c.o
                0x08004af4                getTimerChannel
 .text.uart_init.part.0
                0x08004b14      0x1c8 .pio/build/bluepill_f103c8_128k/SrcWrapper/src/stm32/uart.c.o
 .text.uart_init
                0x08004cdc       0x12 .pio/build/bluepill_f103c8_128k/SrcWrapper/src/stm32/uart.c.o
                0x08004cdc                uart_init
 *fill*         0x08004cee        0x2 
 .text.uart_debug_init
                0x08004cf0       0x34 .pio/build/bluepill_f103c8_128k/SrcWrapper/src/stm32/uart.c.o
                0x08004cf0                uart_debug_init
 .text.serial_rx_active
                0x08004d24       0x24 .pio/build/bluepill_f103c8_128k/SrcWrapper/src/stm32/uart.c.o
                0x08004d24                serial_rx_active
 .text.serial_tx_active
                0x08004d48       0x24 .pio/build/bluepill_f103c8_128k/SrcWrapper/src/stm32/uart.c.o
                0x08004d48                serial_tx_active
 .text.uart_debug_write
                0x08004d6c       0xc4 .pio/build/bluepill_f103c8_128k/SrcWrapper/src/stm32/uart.c.o
                0x08004d6c                uart_debug_write
 .text.uart_getc
                0x08004e30       0x38 .pio/build/bluepill_f103c8_128k/SrcWrapper/src/stm32/uart.c.o
                0x08004e30                uart_getc
 .text.uart_attach_rx_callback
                0x08004e68       0x40 .pio/build/bluepill_f103c8_128k/SrcWrapper/src/stm32/uart.c.o
                0x08004e68                uart_attach_rx_callback
 .text.uart_attach_tx_callback
                0x08004ea8       0x40 .pio/build/bluepill_f103c8_128k/SrcWrapper/src/stm32/uart.c.o
                0x08004ea8                uart_attach_tx_callback
 .text.uart_enable_tx
                0x08004ee8       0x1c .pio/build/bluepill_f103c8_128k/SrcWrapper/src/stm32/uart.c.o
                0x08004ee8                uart_enable_tx
 .text.uart_enable_rx
                0x08004f04       0x1c .pio/build/bluepill_f103c8_128k/SrcWrapper/src/stm32/uart.c.o
                0x08004f04                uart_enable_rx
 .text.HAL_UART_RxCpltCallback
                0x08004f20        0x6 .pio/build/bluepill_f103c8_128k/SrcWrapper/src/stm32/uart.c.o
                0x08004f20                HAL_UART_RxCpltCallback
 .text.HAL_UART_TxCpltCallback
                0x08004f26        0x6 .pio/build/bluepill_f103c8_128k/SrcWrapper/src/stm32/uart.c.o
                0x08004f26                HAL_UART_TxCpltCallback
 .text.HAL_UART_ErrorCallback
                0x08004f2c       0x7c .pio/build/bluepill_f103c8_128k/SrcWrapper/src/stm32/uart.c.o
                0x08004f2c                HAL_UART_ErrorCallback
 .text.USART1_IRQHandler
                0x08004fa8       0x18 .pio/build/bluepill_f103c8_128k/SrcWrapper/src/stm32/uart.c.o
                0x08004fa8                USART1_IRQHandler
 .text.USART2_IRQHandler
                0x08004fc0       0x1c .pio/build/bluepill_f103c8_128k/SrcWrapper/src/stm32/uart.c.o
                0x08004fc0                USART2_IRQHandler
 .text.USART3_IRQHandler
                0x08004fdc       0x1c .pio/build/bluepill_f103c8_128k/SrcWrapper/src/stm32/uart.c.o
                0x08004fdc                USART3_IRQHandler
 .text._sbrk    0x08004ff8       0x3c .pio/build/bluepill_f103c8_128k/SrcWrapper/src/syscalls.c.o
                0x08004ff8                _sbrk
 .text._close   0x08005034        0x6 .pio/build/bluepill_f103c8_128k/SrcWrapper/src/syscalls.c.o
                0x08005034                _close
 .text._fstat   0x0800503a        0xa .pio/build/bluepill_f103c8_128k/SrcWrapper/src/syscalls.c.o
                0x0800503a                _fstat
 .text._isatty  0x08005044        0x4 .pio/build/bluepill_f103c8_128k/SrcWrapper/src/syscalls.c.o
                0x08005044                _isatty
 .text._lseek   0x08005048        0x4 .pio/build/bluepill_f103c8_128k/SrcWrapper/src/syscalls.c.o
                0x08005048                _lseek
 .text._read    0x0800504c        0x4 .pio/build/bluepill_f103c8_128k/SrcWrapper/src/syscalls.c.o
                0x0800504c                _read
 .text._exit    0x08005050        0x2 .pio/build/bluepill_f103c8_128k/SrcWrapper/src/syscalls.c.o
                0x08005050                _exit
 *fill*         0x08005052        0x2 
 .text._kill    0x08005054       0x10 .pio/build/bluepill_f103c8_128k/SrcWrapper/src/syscalls.c.o
                0x08005054                _kill
 .text._getpid  0x08005064        0x4 .pio/build/bluepill_f103c8_128k/SrcWrapper/src/syscalls.c.o
                0x08005064                _getpid
 .text._Z10EncoderISRv
                0x08005068       0x10 .pio/build/bluepill_f103c8_128k/src/main.cpp.o
                0x08005068                EncoderISR()
 .text._ZL8cmdErrorv
                0x08005078       0x10 .pio/build/bluepill_f103c8_128k/src/main.cpp.o
 .text._ZL5cmdOkv
                0x08005088       0x10 .pio/build/bluepill_f103c8_128k/src/main.cpp.o
 .text._Z7CmdHelpiPPc
                0x08005098       0xa0 .pio/build/bluepill_f103c8_128k/src/main.cpp.o
                0x08005098                CmdHelp(int, char**)
 .text._Z10CmdDumpLogiPPc
                0x08005138        0xe .pio/build/bluepill_f103c8_128k/src/main.cpp.o
                0x08005138                CmdDumpLog(int, char**)
 .text._Z7CmdShowiPPc
                0x08005146        0xe .pio/build/bluepill_f103c8_128k/src/main.cpp.o
                0x08005146                CmdShow(int, char**)
 .text._Z14CmdResetConfigiPPc
                0x08005154       0x2c .pio/build/bluepill_f103c8_128k/src/main.cpp.o
                0x08005154                CmdResetConfig(int, char**)
 .text._Z9CmdSetRPMiPPc
                0x08005180       0x4c .pio/build/bluepill_f103c8_128k/src/main.cpp.o
                0x08005180                CmdSetRPM(int, char**)
 .text._Z8CmdSetKPiPPc
                0x080051cc       0x8c .pio/build/bluepill_f103c8_128k/src/main.cpp.o
                0x080051cc                CmdSetKP(int, char**)
 .text._Z8CmdSetKIiPPc
                0x08005258       0x88 .pio/build/bluepill_f103c8_128k/src/main.cpp.o
                0x08005258                CmdSetKI(int, char**)
 .text._Z8CmdSetKDiPPc
                0x080052e0       0x88 .pio/build/bluepill_f103c8_128k/src/main.cpp.o
                0x080052e0                CmdSetKD(int, char**)
 .text._Z16CmdSetCurrentLimiPPc
                0x08005368       0x3c .pio/build/bluepill_f103c8_128k/src/main.cpp.o
                0x08005368                CmdSetCurrentLim(int, char**)
 .text._Z12CmdSetCutoffiPPc
                0x080053a4       0x34 .pio/build/bluepill_f103c8_128k/src/main.cpp.o
                0x080053a4                CmdSetCutoff(int, char**)
 .text._Z13CmdSetRestartiPPc
                0x080053d8       0x34 .pio/build/bluepill_f103c8_128k/src/main.cpp.o
                0x080053d8                CmdSetRestart(int, char**)
 .text._Z14setRgbLedColorhhh
                0x0800540c       0x22 .pio/build/bluepill_f103c8_128k/src/main.cpp.o
                0x0800540c                setRgbLedColor(unsigned char, unsigned char, unsigned char)
 *fill*         0x0800542e        0x2 
 .text._Z15readTemperaturev
                0x08005430       0x50 .pio/build/bluepill_f103c8_128k/src/main.cpp.o
                0x08005430                readTemperature()
 .text._Z8Shutdownv
                0x08005480       0x60 .pio/build/bluepill_f103c8_128k/src/main.cpp.o
                0x08005480                Shutdown()
 .text._Z18CurrentSafetyCheckt
                0x080054e0       0x68 .pio/build/bluepill_f103c8_128k/src/main.cpp.o
                0x080054e0                CurrentSafetyCheck(unsigned short)
 .text._Z18ReadBatteryVoltagev
                0x08005548       0x38 .pio/build/bluepill_f103c8_128k/src/main.cpp.o
                0x08005548                ReadBatteryVoltage()
 .text._Z22AttachEncoderInterruptv
                0x08005580       0x48 .pio/build/bluepill_f103c8_128k/src/main.cpp.o
                0x08005580                AttachEncoderInterrupt()
 .text._Z22DetachEncoderInterruptv
                0x080055c8       0x14 .pio/build/bluepill_f103c8_128k/src/main.cpp.o
                0x080055c8                DetachEncoderInterrupt()
 *fill*         0x080055dc        0x4 
 .text._Z8RPMCheckm
                0x080055e0       0x88 .pio/build/bluepill_f103c8_128k/src/main.cpp.o
                0x080055e0                RPMCheck(unsigned long)
 .text.setup    0x08005668      0x2e4 .pio/build/bluepill_f103c8_128k/src/main.cpp.o
                0x08005668                setup
 *fill*         0x0800594c        0x4 
 .text.loop     0x08005950      0x1d4 .pio/build/bluepill_f103c8_128k/src/main.cpp.o
                0x08005950                loop
 .text.startup._GLOBAL__sub_I_encoder_pulses
                0x08005b24       0x7c .pio/build/bluepill_f103c8_128k/src/main.cpp.o
 .text.exit._GLOBAL__sub_D_encoder_pulses
                0x08005ba0        0xc .pio/build/bluepill_f103c8_128k/src/main.cpp.o
 .text._ZN3PID7ComputeEv
                0x08005bac      0x148 .pio/build/bluepill_f103c8_128k/libe13/libArduino-PID-Library.a(PID_v1.cpp.o)
                0x08005bac                PID::Compute()
 .text._ZN3PID10SetTuningsEdddi
                0x08005cf4       0xe8 .pio/build/bluepill_f103c8_128k/libe13/libArduino-PID-Library.a(PID_v1.cpp.o)
                0x08005cf4                PID::SetTunings(double, double, double, int)
 .text._ZN3PID10SetTuningsEddd
                0x08005ddc       0x20 .pio/build/bluepill_f103c8_128k/libe13/libArduino-PID-Library.a(PID_v1.cpp.o)
                0x08005ddc                PID::SetTunings(double, double, double)
 .text._ZN3PID13SetSampleTimeEi
                0x08005dfc       0x4c .pio/build/bluepill_f103c8_128k/libe13/libArduino-PID-Library.a(PID_v1.cpp.o)
                0x08005dfc                PID::SetSampleTime(int)
 .text._ZN3PID10InitializeEv
                0x08005e48       0x4a .pio/build/bluepill_f103c8_128k/libe13/libArduino-PID-Library.a(PID_v1.cpp.o)
                0x08005e48                PID::Initialize()
 .text._ZN3PID7SetModeEi
                0x08005e92       0x1e .pio/build/bluepill_f103c8_128k/libe13/libArduino-PID-Library.a(PID_v1.cpp.o)
                0x08005e92                PID::SetMode(int)
 .text._ZN3PID22SetControllerDirectionEi
                0x08005eb0       0x46 .pio/build/bluepill_f103c8_128k/libe13/libArduino-PID-Library.a(PID_v1.cpp.o)
                0x08005eb0                PID::SetControllerDirection(int)
 *fill*         0x08005ef6        0x2 
 .text._ZN3PIDC2EPdS0_S0_dddii
                0x08005ef8       0x68 .pio/build/bluepill_f103c8_128k/libe13/libArduino-PID-Library.a(PID_v1.cpp.o)
                0x08005ef8                PID::PID(double*, double*, double*, double, double, double, int, int)
                0x08005ef8                PID::PID(double*, double*, double*, double, double, double, int, int)
 .text._ZN3PIDC2EPdS0_S0_dddi
                0x08005f60       0x30 .pio/build/bluepill_f103c8_128k/libe13/libArduino-PID-Library.a(PID_v1.cpp.o)
                0x08005f60                PID::PID(double*, double*, double*, double, double, double, int)
                0x08005f60                PID::PID(double*, double*, double*, double, double, double, int)
 .text._Z9cmd_parsePc
                0x08005f90       0x68 .pio/build/bluepill_f103c8_128k/lib666/libCmdArduino.a(Cmd.cpp.o)
                0x08005f90                cmd_parse(char*)
 .text._Z11cmd_handlerv
                0x08005ff8       0x60 .pio/build/bluepill_f103c8_128k/lib666/libCmdArduino.a(Cmd.cpp.o)
                0x08005ff8                cmd_handler()
 .text._Z7cmdPollv
                0x08006058       0x1c .pio/build/bluepill_f103c8_128k/lib666/libCmdArduino.a(Cmd.cpp.o)
                0x08006058                cmdPoll()
 .text._Z7cmdInitP6Stream
                0x08006074       0x24 .pio/build/bluepill_f103c8_128k/lib666/libCmdArduino.a(Cmd.cpp.o)
                0x08006074                cmdInit(Stream*)
 .text._Z6cmdAddPKcPFviPPcE
                0x08006098       0x48 .pio/build/bluepill_f103c8_128k/lib666/libCmdArduino.a(Cmd.cpp.o)
                0x08006098                cmdAdd(char const*, void (*)(int, char**))
 .text._ZN8SPIClassC2Emmmm
                0x080060e0      0x128 .pio/build/bluepill_f103c8_128k/lib36a/libSPI.a(SPI.cpp.o)
                0x080060e0                SPIClass::SPIClass(unsigned long, unsigned long, unsigned long, unsigned long)
                0x080060e0                SPIClass::SPIClass(unsigned long, unsigned long, unsigned long, unsigned long)
 .text._ZN8SPIClass5beginEv
                0x08006208       0x20 .pio/build/bluepill_f103c8_128k/lib36a/libSPI.a(SPI.cpp.o)
                0x08006208                SPIClass::begin()
 .text._ZN8SPIClass16beginTransactionE11SPISettings
                0x08006228       0x42 .pio/build/bluepill_f103c8_128k/lib36a/libSPI.a(SPI.cpp.o)
                0x08006228                SPIClass::beginTransaction(SPISettings)
 .text._ZN8SPIClass14endTransactionEv
                0x0800626a        0x2 .pio/build/bluepill_f103c8_128k/lib36a/libSPI.a(SPI.cpp.o)
                0x0800626a                SPIClass::endTransaction()
 .text._ZN8SPIClass8transferEPvjb
                0x0800626c        0xe .pio/build/bluepill_f103c8_128k/lib36a/libSPI.a(SPI.cpp.o)
                0x0800626c                SPIClass::transfer(void*, unsigned int, bool)
 *fill*         0x0800627a        0x2 
 .text.startup._GLOBAL__sub_I_SPI
                0x0800627c       0x1c .pio/build/bluepill_f103c8_128k/lib36a/libSPI.a(SPI.cpp.o)
 .text.LL_GPIO_SetPinMode
                0x08006298       0x2c .pio/build/bluepill_f103c8_128k/lib36a/libSPI.a(spi_com.c.o)
 .text.spi_getClkFreqInst
                0x080062c4       0x2c .pio/build/bluepill_f103c8_128k/lib36a/libSPI.a(spi_com.c.o)
                0x080062c4                spi_getClkFreqInst
 .text.spi_init
                0x080062f0      0x268 .pio/build/bluepill_f103c8_128k/lib36a/libSPI.a(spi_com.c.o)
                0x080062f0                spi_init
 .text.spi_transfer
                0x08006558       0x5e .pio/build/bluepill_f103c8_128k/lib36a/libSPI.a(spi_com.c.o)
                0x08006558                spi_transfer
 *fill*         0x080065b6        0x2 
 .text._ZN17Adafruit_FRAM_SPID2Ev
                0x080065b8       0x24 .pio/build/bluepill_f103c8_128k/libc2f/libAdafruit_FRAM_SPI.a(Adafruit_FRAM_SPI.cpp.o)
                0x080065b8                Adafruit_FRAM_SPI::~Adafruit_FRAM_SPI()
                0x080065b8                Adafruit_FRAM_SPI::~Adafruit_FRAM_SPI()
 .text._ZN17Adafruit_FRAM_SPID0Ev
                0x080065dc       0x14 .pio/build/bluepill_f103c8_128k/libc2f/libAdafruit_FRAM_SPI.a(Adafruit_FRAM_SPI.cpp.o)
                0x080065dc                Adafruit_FRAM_SPI::~Adafruit_FRAM_SPI()
 .text._ZN17Adafruit_FRAM_SPIC2EaP8SPIClassm
                0x080065f0       0x44 .pio/build/bluepill_f103c8_128k/libc2f/libAdafruit_FRAM_SPI.a(Adafruit_FRAM_SPI.cpp.o)
                0x080065f0                Adafruit_FRAM_SPI::Adafruit_FRAM_SPI(signed char, SPIClass*, unsigned long)
                0x080065f0                Adafruit_FRAM_SPI::Adafruit_FRAM_SPI(signed char, SPIClass*, unsigned long)
 .text._ZN17Adafruit_FRAM_SPI11writeEnableEb
                0x08006634       0x24 .pio/build/bluepill_f103c8_128k/libc2f/libAdafruit_FRAM_SPI.a(Adafruit_FRAM_SPI.cpp.o)
                0x08006634                Adafruit_FRAM_SPI::writeEnable(bool)
 .text._ZN17Adafruit_FRAM_SPI6write8Emh
                0x08006658       0x64 .pio/build/bluepill_f103c8_128k/libc2f/libAdafruit_FRAM_SPI.a(Adafruit_FRAM_SPI.cpp.o)
                0x08006658                Adafruit_FRAM_SPI::write8(unsigned long, unsigned char)
 .text._ZN17Adafruit_FRAM_SPI5writeEmPKhj
                0x080066bc       0x64 .pio/build/bluepill_f103c8_128k/libc2f/libAdafruit_FRAM_SPI.a(Adafruit_FRAM_SPI.cpp.o)
                0x080066bc                Adafruit_FRAM_SPI::write(unsigned long, unsigned char const*, unsigned int)
 .text._ZN17Adafruit_FRAM_SPI4readEmPhj
                0x08006720       0x5e .pio/build/bluepill_f103c8_128k/libc2f/libAdafruit_FRAM_SPI.a(Adafruit_FRAM_SPI.cpp.o)
                0x08006720                Adafruit_FRAM_SPI::read(unsigned long, unsigned char*, unsigned int)
 .text._ZN17Adafruit_FRAM_SPI11getDeviceIDEPhPt
                0x0800677e       0x50 .pio/build/bluepill_f103c8_128k/libc2f/libAdafruit_FRAM_SPI.a(Adafruit_FRAM_SPI.cpp.o)
                0x0800677e                Adafruit_FRAM_SPI::getDeviceID(unsigned char*, unsigned short*)
 *fill*         0x080067ce        0x2 
 .text._ZN17Adafruit_FRAM_SPI5beginEh
                0x080067d0       0x6c .pio/build/bluepill_f103c8_128k/libc2f/libAdafruit_FRAM_SPI.a(Adafruit_FRAM_SPI.cpp.o)
                0x080067d0                Adafruit_FRAM_SPI::begin(unsigned char)
 .text._Z20readSettingsFromFRAMR17Adafruit_FRAM_SPI
                0x0800683c       0x10 .pio/build/bluepill_f103c8_128k/libab1/libsettings.a(settings.cpp.o)
                0x0800683c                readSettingsFromFRAM(Adafruit_FRAM_SPI&)
 .text._Z19writeSettingsToFRAMR17Adafruit_FRAM_SPI
                0x0800684c       0x34 .pio/build/bluepill_f103c8_128k/libab1/libsettings.a(settings.cpp.o)
                0x0800684c                writeSettingsToFRAM(Adafruit_FRAM_SPI&)
 .text._Z13resetSettingsv
                0x08006880       0x44 .pio/build/bluepill_f103c8_128k/libab1/libsettings.a(settings.cpp.o)
                0x08006880                resetSettings()
 .text._Z12initSettingsR17Adafruit_FRAM_SPI
                0x080068c4       0x20 .pio/build/bluepill_f103c8_128k/libab1/libsettings.a(settings.cpp.o)
                0x080068c4                initSettings(Adafruit_FRAM_SPI&)
 .text._Z12saveSettingsR17Adafruit_FRAM_SPI
                0x080068e4        0x4 .pio/build/bluepill_f103c8_128k/libab1/libsettings.a(settings.cpp.o)
                0x080068e4                saveSettings(Adafruit_FRAM_SPI&)
 .text._Z13printSettingsv
                0x080068e8      0x118 .pio/build/bluepill_f103c8_128k/libab1/libsettings.a(settings.cpp.o)
                0x080068e8                printSettings()
 .text._Z7logDatamststt
                0x08006a00       0x74 .pio/build/bluepill_f103c8_128k/lib6db/liblogging.a(logging.cpp.o)
                0x08006a00                logData(unsigned long, short, unsigned short, short, unsigned short, unsigned short)
 .text._Z7dumpLogv
                0x08006a74       0xdc .pio/build/bluepill_f103c8_128k/lib6db/liblogging.a(logging.cpp.o)
                0x08006a74                dumpLog()
 .text._Z8clearLogv
                0x08006b50       0x9c .pio/build/bluepill_f103c8_128k/lib6db/liblogging.a(logging.cpp.o)
                0x08006b50                clearLog()
 .text._Z11initLoggingv
                0x08006bec        0x2 .pio/build/bluepill_f103c8_128k/lib6db/liblogging.a(logging.cpp.o)
                0x08006bec                initLogging()
 *fill*         0x08006bee        0x2 
 .text._ZN14IWatchdogClass3setEmm
                0x08006bf0       0xa0 .pio/build/bluepill_f103c8_128k/lib3fa/libIWatchdog.a(IWatchdog.cpp.o)
                0x08006bf0                IWatchdogClass::set(unsigned long, unsigned long)
 .text._ZN14IWatchdogClass5beginEmm
                0x08006c90       0x44 .pio/build/bluepill_f103c8_128k/lib3fa/libIWatchdog.a(IWatchdog.cpp.o)
                0x08006c90                IWatchdogClass::begin(unsigned long, unsigned long)
 .text._ZN14IWatchdogClass6reloadEv
                0x08006cd4       0x18 .pio/build/bluepill_f103c8_128k/lib3fa/libIWatchdog.a(IWatchdog.cpp.o)
                0x08006cd4                IWatchdogClass::reload()
 .text._ZN14HardwareSerial9availableEv
                0x08006cec       0x10 .pio/build/bluepill_f103c8_128k/libFrameworkArduino.a(HardwareSerial.cpp.o)
                0x08006cec                HardwareSerial::available()
 .text._ZN14HardwareSerial4peekEv
                0x08006cfc       0x1a .pio/build/bluepill_f103c8_128k/libFrameworkArduino.a(HardwareSerial.cpp.o)
                0x08006cfc                HardwareSerial::peek()
 .text._ZN14HardwareSerial17availableForWriteEv
                0x08006d16       0x1c .pio/build/bluepill_f103c8_128k/libFrameworkArduino.a(HardwareSerial.cpp.o)
                0x08006d16                HardwareSerial::availableForWrite()
 .text._ZN14HardwareSerial5writeEh
                0x08006d32       0x18 .pio/build/bluepill_f103c8_128k/libFrameworkArduino.a(HardwareSerial.cpp.o)
                0x08006d32                HardwareSerial::write(unsigned char)
 .text._ZN14HardwareSerial16_rx_complete_irqEP8serial_s
                0x08006d4a       0x36 .pio/build/bluepill_f103c8_128k/libFrameworkArduino.a(HardwareSerial.cpp.o)
                0x08006d4a                HardwareSerial::_rx_complete_irq(serial_s*)
 .text._ZN14HardwareSerial16_tx_complete_irqEP8serial_s
                0x08006d80       0x60 .pio/build/bluepill_f103c8_128k/libFrameworkArduino.a(HardwareSerial.cpp.o)
                0x08006d80                HardwareSerial::_tx_complete_irq(serial_s*)
 .text._ZN14HardwareSerial5writeEPKhj
                0x08006de0       0xe4 .pio/build/bluepill_f103c8_128k/libFrameworkArduino.a(HardwareSerial.cpp.o)
                0x08006de0                HardwareSerial::write(unsigned char const*, unsigned int)
 .text._ZN14HardwareSerial4initE7PinNameS0_S0_S0_
                0x08006ec4       0x32 .pio/build/bluepill_f103c8_128k/libFrameworkArduino.a(HardwareSerial.cpp.o)
                0x08006ec4                HardwareSerial::init(PinName, PinName, PinName, PinName)
 *fill*         0x08006ef6        0x2 
 .text._ZN14HardwareSerialC2EPv16HalfDuplexMode_t
                0x08006ef8       0x94 .pio/build/bluepill_f103c8_128k/libFrameworkArduino.a(HardwareSerial.cpp.o)
                0x08006ef8                HardwareSerial::HardwareSerial(void*, HalfDuplexMode_t)
                0x08006ef8                HardwareSerial::HardwareSerial(void*, HalfDuplexMode_t)
 .text._ZN14HardwareSerial5flushEm
                0x08006f8c       0x36 .pio/build/bluepill_f103c8_128k/libFrameworkArduino.a(HardwareSerial.cpp.o)
                0x08006f8c                HardwareSerial::flush(unsigned long)
 .text._ZN14HardwareSerial5flushEv
                0x08006fc2        0x6 .pio/build/bluepill_f103c8_128k/libFrameworkArduino.a(HardwareSerial.cpp.o)
                0x08006fc2                HardwareSerial::flush()
 .text._ZN14HardwareSerial18enableHalfDuplexRxEv
                0x08006fc8       0x2c .pio/build/bluepill_f103c8_128k/libFrameworkArduino.a(HardwareSerial.cpp.o)
                0x08006fc8                HardwareSerial::enableHalfDuplexRx()
 .text._ZN14HardwareSerial5beginEmh
                0x08006ff4       0x84 .pio/build/bluepill_f103c8_128k/libFrameworkArduino.a(HardwareSerial.cpp.o)
                0x08006ff4                HardwareSerial::begin(unsigned long, unsigned char)
 .text._ZN14HardwareSerial4readEv
                0x08007078       0x2e .pio/build/bluepill_f103c8_128k/libFrameworkArduino.a(HardwareSerial.cpp.o)
                0x08007078                HardwareSerial::read()
 *fill*         0x080070a6        0x2 
 .text.startup._GLOBAL__sub_I_Serial1
                0x080070a8       0x14 .pio/build/bluepill_f103c8_128k/libFrameworkArduino.a(HardwareSerial.cpp.o)
 .text._ZN5Print5writeEPKc
                0x080070bc       0x20 .pio/build/bluepill_f103c8_128k/libFrameworkArduino.a(Print.cpp.o)
                0x080070bc                Print::write(char const*)
 .text._ZN5Print5printEPKc
                0x080070dc        0x8 .pio/build/bluepill_f103c8_128k/libFrameworkArduino.a(Print.cpp.o)
                0x080070dc                Print::print(char const*)
 .text._ZN5Print5printEc
                0x080070e4        0x6 .pio/build/bluepill_f103c8_128k/libFrameworkArduino.a(Print.cpp.o)
                0x080070e4                Print::print(char)
 *fill*         0x080070ea        0x2 
 .text._ZN5Print7printlnEv
                0x080070ec       0x10 .pio/build/bluepill_f103c8_128k/libFrameworkArduino.a(Print.cpp.o)
                0x080070ec                Print::println()
 .text._ZN5Print7printlnEPK19__FlashStringHelper
                0x080070fc       0x14 .pio/build/bluepill_f103c8_128k/libFrameworkArduino.a(Print.cpp.o)
                0x080070fc                Print::println(__FlashStringHelper const*)
 .text._ZN5Print7printlnEPKc
                0x08007110        0x4 .pio/build/bluepill_f103c8_128k/libFrameworkArduino.a(Print.cpp.o)
                0x08007110                Print::println(char const*)
 .text._write   0x08007114       0x22 .pio/build/bluepill_f103c8_128k/libFrameworkArduino.a(Print.cpp.o)
                0x08007114                _write
 .text._ZN5Print11printNumberEmh
                0x08007136       0x3a .pio/build/bluepill_f103c8_128k/libFrameworkArduino.a(Print.cpp.o)
                0x08007136                Print::printNumber(unsigned long, unsigned char)
 .text._ZN5Print5printEli
                0x08007170       0x44 .pio/build/bluepill_f103c8_128k/libFrameworkArduino.a(Print.cpp.o)
                0x08007170                Print::print(long, int)
 .text._ZN5Print5printEii
                0x080071b4        0x4 .pio/build/bluepill_f103c8_128k/libFrameworkArduino.a(Print.cpp.o)
                0x080071b4                Print::print(int, int)
 .text._ZN5Print7printlnEii
                0x080071b8       0x14 .pio/build/bluepill_f103c8_128k/libFrameworkArduino.a(Print.cpp.o)
                0x080071b8                Print::println(int, int)
 .text._ZN5Print5printEmi
                0x080071cc       0x16 .pio/build/bluepill_f103c8_128k/libFrameworkArduino.a(Print.cpp.o)
                0x080071cc                Print::print(unsigned long, int)
 .text._ZN5Print7printlnEji
                0x080071e2       0x14 .pio/build/bluepill_f103c8_128k/libFrameworkArduino.a(Print.cpp.o)
                0x080071e2                Print::println(unsigned int, int)
 *fill*         0x080071f6        0x2 
 .text._ZN5Print10printFloatIfEEjT_h
                0x080071f8      0x120 .pio/build/bluepill_f103c8_128k/libFrameworkArduino.a(Print.cpp.o)
                0x080071f8                unsigned int Print::printFloat<float>(float, unsigned char)
 .text._ZN5Print7printlnEfi
                0x08007318       0x16 .pio/build/bluepill_f103c8_128k/libFrameworkArduino.a(Print.cpp.o)
                0x08007318                Print::println(float, int)
 *fill*         0x0800732e        0x2 
 .text._ZN5Print10printFloatIdEEjT_h
                0x08007330      0x174 .pio/build/bluepill_f103c8_128k/libFrameworkArduino.a(Print.cpp.o)
                0x08007330                unsigned int Print::printFloat<double>(double, unsigned char)
 .text._ZN5Print5printEdi
                0x080074a4       0x12 .pio/build/bluepill_f103c8_128k/libFrameworkArduino.a(Print.cpp.o)
                0x080074a4                Print::print(double, int)
 .text._ZN6Stream9timedReadEv
                0x080074b6       0x2a .pio/build/bluepill_f103c8_128k/libFrameworkArduino.a(Stream.cpp.o)
                0x080074b6                Stream::timedRead()
 .text._ZN6Stream9readBytesEPcj
                0x080074e0       0x22 .pio/build/bluepill_f103c8_128k/libFrameworkArduino.a(Stream.cpp.o)
                0x080074e0                Stream::readBytes(char*, unsigned int)
 .text._ZN6Stream14readBytesUntilEcPcj
                0x08007502       0x30 .pio/build/bluepill_f103c8_128k/libFrameworkArduino.a(Stream.cpp.o)
                0x08007502                Stream::readBytesUntil(char, char*, unsigned int)
 *fill*         0x08007532        0x2 
 .text._Z15detachInterruptm
                0x08007534       0x60 .pio/build/bluepill_f103c8_128k/libFrameworkArduino.a(WInterrupts.cpp.o)
                0x08007534                detachInterrupt(unsigned long)
 .text._Z15attachInterruptmSt8functionIFvvEEm
                0x08007594       0xf8 .pio/build/bluepill_f103c8_128k/libFrameworkArduino.a(WInterrupts.cpp.o)
                0x08007594                attachInterrupt(unsigned long, std::function<void ()>, unsigned long)
 .text.startup._Z7premainv
                0x0800768c       0x10 .pio/build/bluepill_f103c8_128k/libFrameworkArduino.a(main.cpp.o)
                0x0800768c                premain()
 .text.startup.main
                0x0800769c       0x14 .pio/build/bluepill_f103c8_128k/libFrameworkArduino.a(main.cpp.o)
                0x0800769c                main
 .text.pinNametoDigitalPin
                0x080076b0       0x34 .pio/build/bluepill_f103c8_128k/libFrameworkArduino.a(pins_arduino.c.o)
                0x080076b0                pinNametoDigitalPin
 .text.analogInputToPinName
                0x080076e4       0x80 .pio/build/bluepill_f103c8_128k/libFrameworkArduino.a(pins_arduino.c.o)
                0x080076e4                analogInputToPinName
 .text.mapResolution
                0x08007764       0x26 .pio/build/bluepill_f103c8_128k/libFrameworkArduino.a(wiring_analog.c.o)
 *fill*         0x0800778a        0x2 
 .text.analogReadResolution
                0x0800778c       0x1c .pio/build/bluepill_f103c8_128k/libFrameworkArduino.a(wiring_analog.c.o)
                0x0800778c                analogReadResolution
 .text.analogRead
                0x080077a8       0x2c .pio/build/bluepill_f103c8_128k/libFrameworkArduino.a(wiring_analog.c.o)
                0x080077a8                analogRead
 .text.analogWrite
                0x080077d4       0xdc .pio/build/bluepill_f103c8_128k/libFrameworkArduino.a(wiring_analog.c.o)
                0x080077d4                analogWrite
 .text.pinMode  0x080078b0       0xbc .pio/build/bluepill_f103c8_128k/libFrameworkArduino.a(wiring_digital.c.o)
                0x080078b0                pinMode
 .text.digitalWrite
                0x0800796c       0x74 .pio/build/bluepill_f103c8_128k/libFrameworkArduino.a(wiring_digital.c.o)
                0x0800796c                digitalWrite
 .text.millis   0x080079e0        0x4 .pio/build/bluepill_f103c8_128k/libFrameworkArduino.a(wiring_time.c.o)
                0x080079e0                millis
 .text.delay    0x080079e4       0x1c .pio/build/bluepill_f103c8_128k/libFrameworkArduino.a(wiring_time.c.o)
                0x080079e4                delay
 .text._Z14serialEventRunv
                0x08007a00       0x1c .pio/build/bluepill_f103c8_128k/libFrameworkArduino.a(WSerial.cpp.o)
                0x08007a00                serialEventRun()
 .text.init     0x08007a1c        0x4 .pio/build/bluepill_f103c8_128k/libFrameworkArduino.a(board.c.o)
                0x08007a1c                init
 .text.__empty  0x08007a20        0x2 .pio/build/bluepill_f103c8_128k/libFrameworkArduino.a(hooks.c.o)
                0x08007a20                yield
 .text.unlikely._ZSt25__throw_bad_function_callv
                0x08007a22        0x6 /Users/jleeman/.platformio/packages/toolchain-gccarmnoneeabi/bin/../lib/gcc/arm-none-eabi/12.3.1/../../../../arm-none-eabi/lib/thumb/v7-m/nofp/libstdc++_nano.a(functional.o)
                0x08007a22                std::__throw_bad_function_call()
 .text._ZN18Adafruit_SPIDeviceC2Eam8BitOrderhP8SPIClass
                0x08007a28       0x3c .pio/build/bluepill_f103c8_128k/libd9e/libAdafruit_BusIO.a(Adafruit_SPIDevice.cpp.o)
                0x08007a28                Adafruit_SPIDevice::Adafruit_SPIDevice(signed char, unsigned long, BitOrder, unsigned char, SPIClass*)
                0x08007a28                Adafruit_SPIDevice::Adafruit_SPIDevice(signed char, unsigned long, BitOrder, unsigned char, SPIClass*)
 .text._ZN18Adafruit_SPIDeviceD2Ev
                0x08007a64       0x12 .pio/build/bluepill_f103c8_128k/libd9e/libAdafruit_BusIO.a(Adafruit_SPIDevice.cpp.o)
                0x08007a64                Adafruit_SPIDevice::~Adafruit_SPIDevice()
                0x08007a64                Adafruit_SPIDevice::~Adafruit_SPIDevice()
 .text._ZN18Adafruit_SPIDevice5beginEv
                0x08007a76       0x72 .pio/build/bluepill_f103c8_128k/libd9e/libAdafruit_BusIO.a(Adafruit_SPIDevice.cpp.o)
                0x08007a76                Adafruit_SPIDevice::begin()
 .text._ZN18Adafruit_SPIDevice8transferEPhj
                0x08007ae8      0x1a8 .pio/build/bluepill_f103c8_128k/libd9e/libAdafruit_BusIO.a(Adafruit_SPIDevice.cpp.o)
                0x08007ae8                Adafruit_SPIDevice::transfer(unsigned char*, unsigned int)
 .text._ZN18Adafruit_SPIDevice8transferEh
                0x08007c90       0x1a .pio/build/bluepill_f103c8_128k/libd9e/libAdafruit_BusIO.a(Adafruit_SPIDevice.cpp.o)
                0x08007c90                Adafruit_SPIDevice::transfer(unsigned char)
 .text._ZN18Adafruit_SPIDevice16beginTransactionEv
                0x08007caa       0x12 .pio/build/bluepill_f103c8_128k/libd9e/libAdafruit_BusIO.a(Adafruit_SPIDevice.cpp.o)
                0x08007caa                Adafruit_SPIDevice::beginTransaction()
 .text._ZN18Adafruit_SPIDevice14endTransactionEv
                0x08007cbc        0xa .pio/build/bluepill_f103c8_128k/libd9e/libAdafruit_BusIO.a(Adafruit_SPIDevice.cpp.o)
                0x08007cbc                Adafruit_SPIDevice::endTransaction()
 .text._ZN18Adafruit_SPIDevice13setChipSelectEi
                0x08007cc6        0xe .pio/build/bluepill_f103c8_128k/libd9e/libAdafruit_BusIO.a(Adafruit_SPIDevice.cpp.o)
                0x08007cc6                Adafruit_SPIDevice::setChipSelect(int)
 .text._ZN18Adafruit_SPIDevice31beginTransactionWithAssertingCSEv
                0x08007cd4       0x14 .pio/build/bluepill_f103c8_128k/libd9e/libAdafruit_BusIO.a(Adafruit_SPIDevice.cpp.o)
                0x08007cd4                Adafruit_SPIDevice::beginTransactionWithAssertingCS()
 .text._ZN18Adafruit_SPIDevice31endTransactionWithDeassertingCSEv
                0x08007ce8       0x14 .pio/build/bluepill_f103c8_128k/libd9e/libAdafruit_BusIO.a(Adafruit_SPIDevice.cpp.o)
                0x08007ce8                Adafruit_SPIDevice::endTransactionWithDeassertingCS()
 .text._ZN18Adafruit_SPIDevice5writeEPKhjS1_j
                0x08007cfc       0x44 .pio/build/bluepill_f103c8_128k/libd9e/libAdafruit_BusIO.a(Adafruit_SPIDevice.cpp.o)
                0x08007cfc                Adafruit_SPIDevice::write(unsigned char const*, unsigned int, unsigned char const*, unsigned int)
 .text._ZN18Adafruit_SPIDevice15write_then_readEPKhjPhjh
                0x08007d40       0x48 .pio/build/bluepill_f103c8_128k/libd9e/libAdafruit_BusIO.a(Adafruit_SPIDevice.cpp.o)
                0x08007d40                Adafruit_SPIDevice::write_then_read(unsigned char const*, unsigned int, unsigned char*, unsigned int, unsigned char)
 .text.abort    0x08007d88        0xe /Users/jleeman/.platformio/packages/toolchain-gccarmnoneeabi/bin/../lib/gcc/arm-none-eabi/12.3.1/../../../../arm-none-eabi/lib/thumb/v7-m/nofp/libc_nano.a(libc_a-abort.o)
                0x08007d88                abort
 .text.atof     0x08007d96        0x6 /Users/jleeman/.platformio/packages/toolchain-gccarmnoneeabi/bin/../lib/gcc/arm-none-eabi/12.3.1/../../../../arm-none-eabi/lib/thumb/v7-m/nofp/libc_nano.a(libc_a-atof.o)
                0x08007d96                atof
 .text.atoi     0x08007d9c        0x8 /Users/jleeman/.platformio/packages/toolchain-gccarmnoneeabi/bin/../lib/gcc/arm-none-eabi/12.3.1/../../../../arm-none-eabi/lib/thumb/v7-m/nofp/libc_nano.a(libc_a-atoi.o)
                0x08007d9c                atoi
 .text.malloc   0x08007da4       0x10 /Users/jleeman/.platformio/packages/toolchain-gccarmnoneeabi/bin/../lib/gcc/arm-none-eabi/12.3.1/../../../../arm-none-eabi/lib/thumb/v7-m/nofp/libc_nano.a(libc_a-malloc.o)
                0x08007da4                malloc
 .text.free     0x08007db4       0x10 /Users/jleeman/.platformio/packages/toolchain-gccarmnoneeabi/bin/../lib/gcc/arm-none-eabi/12.3.1/../../../../arm-none-eabi/lib/thumb/v7-m/nofp/libc_nano.a(libc_a-malloc.o)
                0x08007db4                free
 .text.sbrk_aligned
                0x08007dc4       0x44 /Users/jleeman/.platformio/packages/toolchain-gccarmnoneeabi/bin/../lib/gcc/arm-none-eabi/12.3.1/../../../../arm-none-eabi/lib/thumb/v7-m/nofp/libc_nano.a(libc_a-mallocr.o)
 .text._malloc_r
                0x08007e08      0x100 /Users/jleeman/.platformio/packages/toolchain-gccarmnoneeabi/bin/../lib/gcc/arm-none-eabi/12.3.1/../../../../arm-none-eabi/lib/thumb/v7-m/nofp/libc_nano.a(libc_a-mallocr.o)
                0x08007e08                _malloc_r
 .text.__sflush_r
                0x08007f08      0x100 /Users/jleeman/.platformio/packages/toolchain-gccarmnoneeabi/bin/../lib/gcc/arm-none-eabi/12.3.1/../../../../arm-none-eabi/lib/thumb/v7-m/nofp/libc_nano.a(libc_a-fflush.o)
                0x08007f08                __sflush_r
 .text._fflush_r
                0x08008008       0x50 /Users/jleeman/.platformio/packages/toolchain-gccarmnoneeabi/bin/../lib/gcc/arm-none-eabi/12.3.1/../../../../arm-none-eabi/lib/thumb/v7-m/nofp/libc_nano.a(libc_a-fflush.o)
                0x08008008                _fflush_r
 .text.fflush   0x08008058       0x28 /Users/jleeman/.platformio/packages/toolchain-gccarmnoneeabi/bin/../lib/gcc/arm-none-eabi/12.3.1/../../../../arm-none-eabi/lib/thumb/v7-m/nofp/libc_nano.a(libc_a-fflush.o)
                0x08008058                fflush
 .text.__malloc_lock
                0x08008080        0xc /Users/jleeman/.platformio/packages/toolchain-gccarmnoneeabi/bin/../lib/gcc/arm-none-eabi/12.3.1/../../../../arm-none-eabi/lib/thumb/v7-m/nofp/libc_nano.a(libc_a-mlock.o)
                0x08008080                __malloc_lock
 .text.__malloc_unlock
                0x0800808c        0xc /Users/jleeman/.platformio/packages/toolchain-gccarmnoneeabi/bin/../lib/gcc/arm-none-eabi/12.3.1/../../../../arm-none-eabi/lib/thumb/v7-m/nofp/libc_nano.a(libc_a-mlock.o)
                0x0800808c                __malloc_unlock
 .text.std      0x08008098       0x6c /Users/jleeman/.platformio/packages/toolchain-gccarmnoneeabi/bin/../lib/gcc/arm-none-eabi/12.3.1/../../../../arm-none-eabi/lib/thumb/v7-m/nofp/libc_nano.a(libc_a-findfp.o)
 .text.stdio_exit_handler
                0x08008104       0x18 /Users/jleeman/.platformio/packages/toolchain-gccarmnoneeabi/bin/../lib/gcc/arm-none-eabi/12.3.1/../../../../arm-none-eabi/lib/thumb/v7-m/nofp/libc_nano.a(libc_a-findfp.o)
 .text.cleanup_stdio
                0x0800811c       0x40 /Users/jleeman/.platformio/packages/toolchain-gccarmnoneeabi/bin/../lib/gcc/arm-none-eabi/12.3.1/../../../../arm-none-eabi/lib/thumb/v7-m/nofp/libc_nano.a(libc_a-findfp.o)
 .text.global_stdio_init.part.0
                0x0800815c       0x3c /Users/jleeman/.platformio/packages/toolchain-gccarmnoneeabi/bin/../lib/gcc/arm-none-eabi/12.3.1/../../../../arm-none-eabi/lib/thumb/v7-m/nofp/libc_nano.a(libc_a-findfp.o)
 .text.__sfp_lock_acquire
                0x08008198        0xc /Users/jleeman/.platformio/packages/toolchain-gccarmnoneeabi/bin/../lib/gcc/arm-none-eabi/12.3.1/../../../../arm-none-eabi/lib/thumb/v7-m/nofp/libc_nano.a(libc_a-findfp.o)
                0x08008198                __sfp_lock_acquire
 .text.__sfp_lock_release
                0x080081a4        0xc /Users/jleeman/.platformio/packages/toolchain-gccarmnoneeabi/bin/../lib/gcc/arm-none-eabi/12.3.1/../../../../arm-none-eabi/lib/thumb/v7-m/nofp/libc_nano.a(libc_a-findfp.o)
                0x080081a4                __sfp_lock_release
 .text.__sinit  0x080081b0       0x30 /Users/jleeman/.platformio/packages/toolchain-gccarmnoneeabi/bin/../lib/gcc/arm-none-eabi/12.3.1/../../../../arm-none-eabi/lib/thumb/v7-m/nofp/libc_nano.a(libc_a-findfp.o)
                0x080081b0                __sinit
 .text.sulp     0x080081e0       0x42 /Users/jleeman/.platformio/packages/toolchain-gccarmnoneeabi/bin/../lib/gcc/arm-none-eabi/12.3.1/../../../../arm-none-eabi/lib/thumb/v7-m/nofp/libc_nano.a(libc_a-strtod.o)
 *fill*         0x08008222        0x6 
 .text._strtod_l
                0x08008228      0xc00 /Users/jleeman/.platformio/packages/toolchain-gccarmnoneeabi/bin/../lib/gcc/arm-none-eabi/12.3.1/../../../../arm-none-eabi/lib/thumb/v7-m/nofp/libc_nano.a(libc_a-strtod.o)
                0x08008228                _strtod_l
 .text.strtod   0x08008e28       0x18 /Users/jleeman/.platformio/packages/toolchain-gccarmnoneeabi/bin/../lib/gcc/arm-none-eabi/12.3.1/../../../../arm-none-eabi/lib/thumb/v7-m/nofp/libc_nano.a(libc_a-strtod.o)
                0x08008e28                strtod
 .text._strtol_l.constprop.0
                0x08008e40       0xfc /Users/jleeman/.platformio/packages/toolchain-gccarmnoneeabi/bin/../lib/gcc/arm-none-eabi/12.3.1/../../../../arm-none-eabi/lib/thumb/v7-m/nofp/libc_nano.a(libc_a-strtol.o)
 .text.strtol   0x08008f3c       0x14 /Users/jleeman/.platformio/packages/toolchain-gccarmnoneeabi/bin/../lib/gcc/arm-none-eabi/12.3.1/../../../../arm-none-eabi/lib/thumb/v7-m/nofp/libc_nano.a(libc_a-strtol.o)
                0x08008f3c                strtol
 .text._fwalk_sglue
                0x08008f50       0x3c /Users/jleeman/.platformio/packages/toolchain-gccarmnoneeabi/bin/../lib/gcc/arm-none-eabi/12.3.1/../../../../arm-none-eabi/lib/thumb/v7-m/nofp/libc_nano.a(libc_a-fwalk.o)
                0x08008f50                _fwalk_sglue
 .text.strncmp  0x08008f8c       0x24 /Users/jleeman/.platformio/packages/toolchain-gccarmnoneeabi/bin/../lib/gcc/arm-none-eabi/12.3.1/../../../../arm-none-eabi/lib/thumb/v7-m/nofp/libc_nano.a(libc_a-strncmp.o)
                0x08008f8c                strncmp
 .text.strtok   0x08008fb0       0x68 /Users/jleeman/.platformio/packages/toolchain-gccarmnoneeabi/bin/../lib/gcc/arm-none-eabi/12.3.1/../../../../arm-none-eabi/lib/thumb/v7-m/nofp/libc_nano.a(libc_a-strtok.o)
                0x08008fb0                strtok
 .text.__strtok_r
                0x08009018       0x50 /Users/jleeman/.platformio/packages/toolchain-gccarmnoneeabi/bin/../lib/gcc/arm-none-eabi/12.3.1/../../../../arm-none-eabi/lib/thumb/v7-m/nofp/libc_nano.a(libc_a-strtok_r.o)
                0x08009018                __strtok_r
 .text.memset   0x08009068       0x10 /Users/jleeman/.platformio/packages/toolchain-gccarmnoneeabi/bin/../lib/gcc/arm-none-eabi/12.3.1/../../../../arm-none-eabi/lib/thumb/v7-m/nofp/libc_nano.a(libc_a-memset.o)
                0x08009068                memset
 .text._raise_r
                0x08009078       0x50 /Users/jleeman/.platformio/packages/toolchain-gccarmnoneeabi/bin/../lib/gcc/arm-none-eabi/12.3.1/../../../../arm-none-eabi/lib/thumb/v7-m/nofp/libc_nano.a(libc_a-signal.o)
                0x08009078                _raise_r
 .text.raise    0x080090c8       0x10 /Users/jleeman/.platformio/packages/toolchain-gccarmnoneeabi/bin/../lib/gcc/arm-none-eabi/12.3.1/../../../../arm-none-eabi/lib/thumb/v7-m/nofp/libc_nano.a(libc_a-signal.o)
                0x080090c8                raise
 .text._kill_r  0x080090d8       0x24 /Users/jleeman/.platformio/packages/toolchain-gccarmnoneeabi/bin/../lib/gcc/arm-none-eabi/12.3.1/../../../../arm-none-eabi/lib/thumb/v7-m/nofp/libc_nano.a(libc_a-signalr.o)
                0x080090d8                _kill_r
 .text._getpid_r
                0x080090fc        0x4 /Users/jleeman/.platformio/packages/toolchain-gccarmnoneeabi/bin/../lib/gcc/arm-none-eabi/12.3.1/../../../../arm-none-eabi/lib/thumb/v7-m/nofp/libc_nano.a(libc_a-signalr.o)
                0x080090fc                _getpid_r
 .text._sbrk_r  0x08009100       0x20 /Users/jleeman/.platformio/packages/toolchain-gccarmnoneeabi/bin/../lib/gcc/arm-none-eabi/12.3.1/../../../../arm-none-eabi/lib/thumb/v7-m/nofp/libc_nano.a(libc_a-sbrkr.o)
                0x08009100                _sbrk_r
 .text._write_r
                0x08009120       0x24 /Users/jleeman/.platformio/packages/toolchain-gccarmnoneeabi/bin/../lib/gcc/arm-none-eabi/12.3.1/../../../../arm-none-eabi/lib/thumb/v7-m/nofp/libc_nano.a(libc_a-writer.o)
                0x08009120                _write_r
 .text.__errno  0x08009144        0xc /Users/jleeman/.platformio/packages/toolchain-gccarmnoneeabi/bin/../lib/gcc/arm-none-eabi/12.3.1/../../../../arm-none-eabi/lib/thumb/v7-m/nofp/libc_nano.a(libc_a-errno.o)
                0x08009144                __errno
 .text.__libc_init_array
                0x08009150       0x48 /Users/jleeman/.platformio/packages/toolchain-gccarmnoneeabi/bin/../lib/gcc/arm-none-eabi/12.3.1/../../../../arm-none-eabi/lib/thumb/v7-m/nofp/libc_nano.a(libc_a-init.o)
                0x08009150                __libc_init_array
 .text.__retarget_lock_init_recursive
                0x08009198        0x2 /Users/jleeman/.platformio/packages/toolchain-gccarmnoneeabi/bin/../lib/gcc/arm-none-eabi/12.3.1/../../../../arm-none-eabi/lib/thumb/v7-m/nofp/libc_nano.a(libc_a-lock.o)
                0x08009198                __retarget_lock_init_recursive
 .text.__retarget_lock_acquire_recursive
                0x0800919a        0x2 /Users/jleeman/.platformio/packages/toolchain-gccarmnoneeabi/bin/../lib/gcc/arm-none-eabi/12.3.1/../../../../arm-none-eabi/lib/thumb/v7-m/nofp/libc_nano.a(libc_a-lock.o)
                0x0800919a                __retarget_lock_acquire_recursive
 .text.__retarget_lock_release_recursive
                0x0800919c        0x2 /Users/jleeman/.platformio/packages/toolchain-gccarmnoneeabi/bin/../lib/gcc/arm-none-eabi/12.3.1/../../../../arm-none-eabi/lib/thumb/v7-m/nofp/libc_nano.a(libc_a-lock.o)
                0x0800919c                __retarget_lock_release_recursive
 .text.memcpy   0x0800919e       0x1c /Users/jleeman/.platformio/packages/toolchain-gccarmnoneeabi/bin/../lib/gcc/arm-none-eabi/12.3.1/../../../../arm-none-eabi/lib/thumb/v7-m/nofp/libc_nano.a(libc_a-memcpy-stub.o)
                0x0800919e                memcpy
 .text.strcpy   0x080091ba       0x10 /Users/jleeman/.platformio/packages/toolchain-gccarmnoneeabi/bin/../lib/gcc/arm-none-eabi/12.3.1/../../../../arm-none-eabi/lib/thumb/v7-m/nofp/libc_nano.a(libc_a-strcpy.o)
                0x080091ba                strcpy
 *fill*         0x080091ca        0x2 
 .text.nan      0x080091cc        0xc /Users/jleeman/.platformio/packages/toolchain-gccarmnoneeabi/bin/../lib/gcc/arm-none-eabi/12.3.1/../../../../arm-none-eabi/lib/thumb/v7-m/nofp/libc_nano.a(libm_a-s_nan.o)
                0x080091cc                nan
 .text.__assert_func
                0x080091d8       0x3c /Users/jleeman/.platformio/packages/toolchain-gccarmnoneeabi/bin/../lib/gcc/arm-none-eabi/12.3.1/../../../../arm-none-eabi/lib/thumb/v7-m/nofp/libc_nano.a(libc_a-assert.o)
                0x080091d8                __assert_func
 .text._free_r  0x08009214       0x90 /Users/jleeman/.platformio/packages/toolchain-gccarmnoneeabi/bin/../lib/gcc/arm-none-eabi/12.3.1/../../../../arm-none-eabi/lib/thumb/v7-m/nofp/libc_nano.a(libc_a-freer.o)
                0x08009214                _free_r
 .text.rshift   0x080092a4       0xa2 /Users/jleeman/.platformio/packages/toolchain-gccarmnoneeabi/bin/../lib/gcc/arm-none-eabi/12.3.1/../../../../arm-none-eabi/lib/thumb/v7-m/nofp/libc_nano.a(libc_a-gdtoa-gethex.o)
 .text.__hexdig_fun
                0x08009346       0x2a /Users/jleeman/.platformio/packages/toolchain-gccarmnoneeabi/bin/../lib/gcc/arm-none-eabi/12.3.1/../../../../arm-none-eabi/lib/thumb/v7-m/nofp/libc_nano.a(libc_a-gdtoa-gethex.o)
                0x08009346                __hexdig_fun
 .text.__gethex
                0x08009370      0x420 /Users/jleeman/.platformio/packages/toolchain-gccarmnoneeabi/bin/../lib/gcc/arm-none-eabi/12.3.1/../../../../arm-none-eabi/lib/thumb/v7-m/nofp/libc_nano.a(libc_a-gdtoa-gethex.o)
                0x08009370                __gethex
 .text.L_shift  0x08009790       0x24 /Users/jleeman/.platformio/packages/toolchain-gccarmnoneeabi/bin/../lib/gcc/arm-none-eabi/12.3.1/../../../../arm-none-eabi/lib/thumb/v7-m/nofp/libc_nano.a(libc_a-gdtoa-hexnan.o)
 .text.__match  0x080097b4       0x28 /Users/jleeman/.platformio/packages/toolchain-gccarmnoneeabi/bin/../lib/gcc/arm-none-eabi/12.3.1/../../../../arm-none-eabi/lib/thumb/v7-m/nofp/libc_nano.a(libc_a-gdtoa-hexnan.o)
                0x080097b4                __match
 .text.__hexnan
                0x080097dc      0x136 /Users/jleeman/.platformio/packages/toolchain-gccarmnoneeabi/bin/../lib/gcc/arm-none-eabi/12.3.1/../../../../arm-none-eabi/lib/thumb/v7-m/nofp/libc_nano.a(libc_a-gdtoa-hexnan.o)
                0x080097dc                __hexnan
 .text.__ascii_mbtowc
                0x08009912       0x24 /Users/jleeman/.platformio/packages/toolchain-gccarmnoneeabi/bin/../lib/gcc/arm-none-eabi/12.3.1/../../../../arm-none-eabi/lib/thumb/v7-m/nofp/libc_nano.a(libc_a-mbtowc_r.o)
                0x08009912                __ascii_mbtowc
 .text._printf_common
                0x08009936       0xe4 /Users/jleeman/.platformio/packages/toolchain-gccarmnoneeabi/bin/../lib/gcc/arm-none-eabi/12.3.1/../../../../arm-none-eabi/lib/thumb/v7-m/nofp/libc_nano.a(libc_a-nano-vfprintf_i.o)
                0x08009936                _printf_common
 *fill*         0x08009a1a        0x2 
 .text._printf_i
                0x08009a1c      0x258 /Users/jleeman/.platformio/packages/toolchain-gccarmnoneeabi/bin/../lib/gcc/arm-none-eabi/12.3.1/../../../../arm-none-eabi/lib/thumb/v7-m/nofp/libc_nano.a(libc_a-nano-vfprintf_i.o)
                0x08009a1c                _printf_i